src/controllers/kds/kds.controller.ts(24,29): error TS2339: Property 'tracking_token' does not exist on type '{ id: string; branchId: string; createdAt: Date; updatedAt: Date; status: string; customerId: string; isGuest: boolean; paymentMethod: string; paymentStatus: string; paymentIntentId: string; ... 5 more ...; courierStatus: string; }'.
src/controllers/order/orderLifecycle.controller.ts(8,34): error TS2835: Relative import paths need explicit file extensions in ECMAScript imports when '--moduleResolution' is 'node16' or 'nodenext'. Did you mean '../../lib/socket.js'?
src/controllers/order/orderLifecycle.controller.ts(17,62): error TS2353: Object literal may only specify known properties, and 'order_id' does not exist in type 'OrderWhereUniqueInput'.
src/controllers/order/orderLifecycle.controller.ts(23,18): error TS2353: Object literal may only specify known properties, and 'order_id' does not exist in type 'OrderWhereUniqueInput'.
src/controllers/order/orderLifecycle.controller.ts(40,62): error TS2353: Object literal may only specify known properties, and 'order_id' does not exist in type 'OrderWhereUniqueInput'.
src/controllers/order/orderLifecycle.controller.ts(46,18): error TS2353: Object literal may only specify known properties, and 'order_id' does not exist in type 'OrderWhereUniqueInput'.
src/controllers/order/orderLifecycle.controller.ts(63,62): error TS2353: Object literal may only specify known properties, and 'order_id' does not exist in type 'OrderWhereUniqueInput'.
src/controllers/order/orderLifecycle.controller.ts(69,18): error TS2353: Object literal may only specify known properties, and 'order_id' does not exist in type 'OrderWhereUniqueInput'.
src/controllers/order/orderLifecycle.controller.ts(86,62): error TS2353: Object literal may only specify known properties, and 'order_id' does not exist in type 'OrderWhereUniqueInput'.
src/controllers/order/orderLifecycle.controller.ts(92,18): error TS2353: Object literal may only specify known properties, and 'order_id' does not exist in type 'OrderWhereUniqueInput'.
src/controllers/order/orderLifecycle.controller.ts(97,49): error TS2339: Property 'terminal_id' does not exist on type '{ id: string; branchId: string; createdAt: Date; updatedAt: Date; status: string; customerId: string; isGuest: boolean; paymentMethod: string; paymentStatus: string; paymentIntentId: string; ... 5 more ...; courierStatus: string; }'.
src/events/terminalEvents.ts(24,38): error TS2835: Relative import paths need explicit file extensions in ECMAScript imports when '--moduleResolution' is 'node16' or 'nodenext'. Did you mean '../lib/socket.js'?
src/events/terminalEvents.ts(55,22): error TS2339: Property 'branchTerminal' does not exist on type 'PrismaClient<PrismaClientOptions, never, DefaultArgs>'.
src/jobs/terminalStatus.job.ts(8,35): error TS2339: Property 'branchTerminal' does not exist on type 'PrismaClient<PrismaClientOptions, never, DefaultArgs>'.
src/middleware/kdsAuth.ts(10,30): error TS2339: Property 'kitchenDisplay' does not exist on type 'PrismaClient<PrismaClientOptions, never, DefaultArgs>'.
src/middleware/terminalAuth.ts(12,35): error TS2339: Property 'branchTerminal' does not exist on type 'PrismaClient<PrismaClientOptions, never, DefaultArgs>'.
src/routes/admin/category.routes.ts(3,29): error TS2307: Cannot find module '../../middleware/auth' or its corresponding type declarations.
src/routes/admin/deal.routes.ts(3,29): error TS2307: Cannot find module '../../middleware/auth' or its corresponding type declarations.
src/routes/admin/extra.routes.ts(3,29): error TS2307: Cannot find module '../../middleware/auth' or its corresponding type declarations.
src/routes/admin/item.routes.ts(3,29): error TS2307: Cannot find module '../../middleware/auth' or its corresponding type declarations.
src/routes/admin/relation.routes.ts(3,29): error TS2307: Cannot find module '../../middleware/auth' or its corresponding type declarations.
src/routes/admin/topping.routes.ts(3,29): error TS2307: Cannot find module '../../middleware/auth' or its corresponding type declarations.
src/routes/admin/variant.routes.ts(3,29): error TS2307: Cannot find module '../../middleware/auth' or its corresponding type declarations.
src/routes/categories.routes.ts(4,36): error TS2307: Cannot find module '../controllers/categories.controller' or its corresponding type declarations.
src/routes/categories.ts(10,18): error TS2353: Object literal may only specify known properties, and 'sort_order' does not exist in type 'CategoryOrderByWithRelationInput | CategoryOrderByWithRelationInput[]'.
src/routes/categories.ts(25,16): error TS2353: Object literal may only specify known properties, and 'category_id' does not exist in type 'CategoryWhereUniqueInput'.
src/routes/loyalty.routes.ts(6,8): error TS2613: Module '"D:/Concordia/Concordia-Backend/src/prisma/client"' has no default export. Did you mean to use 'import { prisma } from "D:/Concordia/Concordia-Backend/src/prisma/client"' instead?
src/routes/menuItems.routes.ts(4,36): error TS2307: Cannot find module '../controllers/menuItems.controller' or its corresponding type declarations.
src/routes/public.routes.ts(12,16): error TS2353: Object literal may only specify known properties, and 'tracking_token' does not exist in type 'OrderWhereUniqueInput'.
src/routes/public.routes.ts(16,13): error TS2353: Object literal may only specify known properties, and 'variant' does not exist in type 'OrderItemInclude<DefaultArgs>'.
src/routes/public.routes.ts(41,23): error TS2339: Property 'order_id' does not exist on type '{ id: string; branchId: string; createdAt: Date; updatedAt: Date; status: string; customerId: string; isGuest: boolean; paymentMethod: string; paymentStatus: string; paymentIntentId: string; ... 5 more ...; courierStatus: string; }'.
src/routes/public.routes.ts(43,28): error TS2339: Property 'customer_name' does not exist on type '{ id: string; branchId: string; createdAt: Date; updatedAt: Date; status: string; customerId: string; isGuest: boolean; paymentMethod: string; paymentStatus: string; paymentIntentId: string; ... 5 more ...; courierStatus: string; }'.
src/routes/public.routes.ts(44,29): error TS2339: Property 'customer_phone' does not exist on type '{ id: string; branchId: string; createdAt: Date; updatedAt: Date; status: string; customerId: string; isGuest: boolean; paymentMethod: string; paymentStatus: string; paymentIntentId: string; ... 5 more ...; courierStatus: string; }'.
src/routes/public.routes.ts(45,29): error TS2339: Property 'customer_email' does not exist on type '{ id: string; branchId: string; createdAt: Date; updatedAt: Date; status: string; customerId: string; isGuest: boolean; paymentMethod: string; paymentStatus: string; paymentIntentId: string; ... 5 more ...; courierStatus: string; }'.
src/routes/public.routes.ts(46,20): error TS2339: Property 'items' does not exist on type '{ id: string; branchId: string; createdAt: Date; updatedAt: Date; status: string; customerId: string; isGuest: boolean; paymentMethod: string; paymentStatus: string; paymentIntentId: string; ... 5 more ...; courierStatus: string; }'.
src/routes/webhooks.routes.ts(2,20): error TS2307: Cannot find module 'stripe' or its corresponding type declarations.
src/routes/webhooks.routes.ts(3,8): error TS2613: Module '"D:/Concordia/Concordia-Backend/src/prisma/client"' has no default export. Did you mean to use 'import { prisma } from "D:/Concordia/Concordia-Backend/src/prisma/client"' instead?
src/scripts/createAdmin.ts(10,30): error TS2339: Property 'adminUser' does not exist on type 'PrismaClient<PrismaClientOptions, never, DefaultArgs>'.
src/services/address.service.ts(1,8): error TS2613: Module '"D:/Concordia/Concordia-Backend/src/prisma/client"' has no default export. Did you mean to use 'import { prisma } from "D:/Concordia/Concordia-Backend/src/prisma/client"' instead?
src/services/admin/category.service.ts(6,18): error TS2353: Object literal may only specify known properties, and 'sort_order' does not exist in type 'CategoryOrderByWithRelationInput | CategoryOrderByWithRelationInput[]'.
src/services/admin/category.service.ts(12,16): error TS2353: Object literal may only specify known properties, and 'category_id' does not exist in type 'CategoryWhereUniqueInput'.
src/services/admin/category.service.ts(22,16): error TS2353: Object literal may only specify known properties, and 'category_id' does not exist in type 'CategoryWhereUniqueInput'.
src/services/admin/category.service.ts(29,16): error TS2353: Object literal may only specify known properties, and 'category_id' does not exist in type 'CategoryWhereUniqueInput'.
src/services/admin/deal.service.ts(5,19): error TS2339: Property 'deal' does not exist on type 'PrismaClient<PrismaClientOptions, never, DefaultArgs>'.
src/services/admin/deal.service.ts(16,19): error TS2339: Property 'deal' does not exist on type 'PrismaClient<PrismaClientOptions, never, DefaultArgs>'.
src/services/admin/deal.service.ts(27,19): error TS2339: Property 'deal' does not exist on type 'PrismaClient<PrismaClientOptions, never, DefaultArgs>'.
src/services/admin/deal.service.ts(31,19): error TS2339: Property 'deal' does not exist on type 'PrismaClient<PrismaClientOptions, never, DefaultArgs>'.
src/services/admin/deal.service.ts(38,19): error TS2339: Property 'deal' does not exist on type 'PrismaClient<PrismaClientOptions, never, DefaultArgs>'.
src/services/admin/deal.service.ts(45,19): error TS2339: Property 'dealItem' does not exist on type 'PrismaClient<PrismaClientOptions, never, DefaultArgs>'.
src/services/admin/deal.service.ts(55,19): error TS2339: Property 'dealItem' does not exist on type 'PrismaClient<PrismaClientOptions, never, DefaultArgs>'.
src/services/admin/extra.service.ts(5,19): error TS2339: Property 'extra' does not exist on type 'PrismaClient<PrismaClientOptions, never, DefaultArgs>'.
src/services/admin/extra.service.ts(11,19): error TS2339: Property 'extra' does not exist on type 'PrismaClient<PrismaClientOptions, never, DefaultArgs>'.
src/services/admin/extra.service.ts(17,19): error TS2339: Property 'extra' does not exist on type 'PrismaClient<PrismaClientOptions, never, DefaultArgs>'.
src/services/admin/extra.service.ts(21,19): error TS2339: Property 'extra' does not exist on type 'PrismaClient<PrismaClientOptions, never, DefaultArgs>'.
src/services/admin/extra.service.ts(28,19): error TS2339: Property 'extra' does not exist on type 'PrismaClient<PrismaClientOptions, never, DefaultArgs>'.
src/services/admin/item.service.ts(5,19): error TS2339: Property 'item' does not exist on type 'PrismaClient<PrismaClientOptions, never, DefaultArgs>'.
src/services/admin/item.service.ts(20,19): error TS2339: Property 'item' does not exist on type 'PrismaClient<PrismaClientOptions, never, DefaultArgs>'.
src/services/admin/item.service.ts(35,19): error TS2339: Property 'item' does not exist on type 'PrismaClient<PrismaClientOptions, never, DefaultArgs>'.
src/services/admin/item.service.ts(39,19): error TS2339: Property 'item' does not exist on type 'PrismaClient<PrismaClientOptions, never, DefaultArgs>'.
src/services/admin/item.service.ts(46,19): error TS2339: Property 'item' does not exist on type 'PrismaClient<PrismaClientOptions, never, DefaultArgs>'.
src/services/admin/orderMonitor.service.ts(7,9): error TS2353: Object literal may only specify known properties, and 'order_id' does not exist in type 'OrderSelect<DefaultArgs>'.
src/services/admin/orderMonitor.service.ts(17,23): error TS2339: Property 'order_id' does not exist on type '{ id: string; branchId: string; createdAt: Date; updatedAt: Date; status: string; customerId: string; isGuest: boolean; paymentMethod: string; paymentStatus: string; paymentIntentId: string; ... 5 more ...; courierStatus: string; }'.
src/services/admin/orderMonitor.service.ts(18,24): error TS2551: Property 'branch_id' does not exist on type '{ id: string; branchId: string; createdAt: Date; updatedAt: Date; status: string; customerId: string; isGuest: boolean; paymentMethod: string; paymentStatus: string; paymentIntentId: string; ... 5 more ...; courierStatus: string; }'. Did you mean 'branchId'?
src/services/admin/orderMonitor.service.ts(19,26): error TS2339: Property 'terminal_id' does not exist on type '{ id: string; branchId: string; createdAt: Date; updatedAt: Date; status: string; customerId: string; isGuest: boolean; paymentMethod: string; paymentStatus: string; paymentIntentId: string; ... 5 more ...; courierStatus: string; }'.
src/services/admin/relation.service.ts(6,19): error TS2339: Property 'item' does not exist on type 'PrismaClient<PrismaClientOptions, never, DefaultArgs>'.
src/services/admin/relation.service.ts(22,19): error TS2339: Property 'relationVariant' does not exist on type 'PrismaClient<PrismaClientOptions, never, DefaultArgs>'.
src/services/admin/relation.service.ts(32,19): error TS2339: Property 'relationTopping' does not exist on type 'PrismaClient<PrismaClientOptions, never, DefaultArgs>'.
src/services/admin/relation.service.ts(42,19): error TS2339: Property 'relationExtra' does not exist on type 'PrismaClient<PrismaClientOptions, never, DefaultArgs>'.
src/services/admin/relation.service.ts(52,19): error TS2339: Property 'relationVariant' does not exist on type 'PrismaClient<PrismaClientOptions, never, DefaultArgs>'.
src/services/admin/relation.service.ts(59,19): error TS2339: Property 'relationTopping' does not exist on type 'PrismaClient<PrismaClientOptions, never, DefaultArgs>'.
src/services/admin/relation.service.ts(66,19): error TS2339: Property 'relationExtra' does not exist on type 'PrismaClient<PrismaClientOptions, never, DefaultArgs>'.
src/services/admin/terminalAdmin.service.ts(5,25): error TS2339: Property 'branchTerminal' does not exist on type 'PrismaClient<PrismaClientOptions, never, DefaultArgs>'.
src/services/admin/terminalAdmin.service.ts(26,36): error TS2339: Property 'branchTerminal' does not exist on type 'PrismaClient<PrismaClientOptions, never, DefaultArgs>'.
src/services/admin/terminalStatus.service.ts(5,36): error TS2339: Property 'branchTerminal' does not exist on type 'PrismaClient<PrismaClientOptions, never, DefaultArgs>'.
src/services/admin/topping.service.ts(5,19): error TS2339: Property 'topping' does not exist on type 'PrismaClient<PrismaClientOptions, never, DefaultArgs>'.
src/services/admin/topping.service.ts(11,19): error TS2339: Property 'topping' does not exist on type 'PrismaClient<PrismaClientOptions, never, DefaultArgs>'.
src/services/admin/topping.service.ts(17,19): error TS2339: Property 'topping' does not exist on type 'PrismaClient<PrismaClientOptions, never, DefaultArgs>'.
src/services/admin/topping.service.ts(21,19): error TS2339: Property 'topping' does not exist on type 'PrismaClient<PrismaClientOptions, never, DefaultArgs>'.
src/services/admin/topping.service.ts(28,19): error TS2339: Property 'topping' does not exist on type 'PrismaClient<PrismaClientOptions, never, DefaultArgs>'.
src/services/admin/variant.service.ts(5,19): error TS2339: Property 'variant' does not exist on type 'PrismaClient<PrismaClientOptions, never, DefaultArgs>'.
src/services/admin/variant.service.ts(11,19): error TS2339: Property 'variant' does not exist on type 'PrismaClient<PrismaClientOptions, never, DefaultArgs>'.
src/services/admin/variant.service.ts(17,19): error TS2339: Property 'variant' does not exist on type 'PrismaClient<PrismaClientOptions, never, DefaultArgs>'.
src/services/admin/variant.service.ts(21,19): error TS2339: Property 'variant' does not exist on type 'PrismaClient<PrismaClientOptions, never, DefaultArgs>'.
src/services/admin/variant.service.ts(28,19): error TS2339: Property 'variant' does not exist on type 'PrismaClient<PrismaClientOptions, never, DefaultArgs>'.
src/services/admins.service.ts(1,8): error TS2613: Module '"D:/Concordia/Concordia-Backend/src/prisma/client"' has no default export. Did you mean to use 'import { prisma } from "D:/Concordia/Concordia-Backend/src/prisma/client"' instead?
src/services/admins.service.ts(4,27): error TS2307: Cannot find module '../types/common' or its corresponding type declarations.
src/services/analytics.service.ts(1,8): error TS2613: Module '"D:/Concordia/Concordia-Backend/src/prisma/client"' has no default export. Did you mean to use 'import { prisma } from "D:/Concordia/Concordia-Backend/src/prisma/client"' instead?
src/services/behaviorPrediction.service.ts(8,18): error TS2353: Object literal may only specify known properties, and 'item' does not exist in type 'OrderItemInclude<DefaultArgs>'.
src/services/behaviorPrediction.service.ts(79,44): error TS2339: Property 'promoCode' does not exist on type '{ id: string; branchId: string; createdAt: Date; updatedAt: Date; status: string; customerId: string; isGuest: boolean; paymentMethod: string; paymentStatus: string; paymentIntentId: string; ... 5 more ...; courierStatus: string; }'.
src/services/cart.service.ts(1,8): error TS2613: Module '"D:/Concordia/Concordia-Backend/src/prisma/client"' has no default export. Did you mean to use 'import { prisma } from "D:/Concordia/Concordia-Backend/src/prisma/client"' instead?
src/services/cart/cart.service.ts(2,28): error TS1479: The current file is a CommonJS module whose imports will produce 'require' calls; however, the referenced file is an ECMAScript module and cannot be imported with 'require'. Consider writing a dynamic 'import("uuid")' call instead.
  To convert this file to an ECMAScript module, change its file extension to '.mts', or add the field `"type": "module"` to 'D:/Concordia/Concordia-Backend/package.json'.
src/services/cart/cart.service.ts(8,37): error TS2339: Property 'cart' does not exist on type 'PrismaClient<PrismaClientOptions, never, DefaultArgs>'.
src/services/cart/cart.service.ts(15,19): error TS2339: Property 'cart' does not exist on type 'PrismaClient<PrismaClientOptions, never, DefaultArgs>'.
src/services/cart/cart.service.ts(22,19): error TS2339: Property 'cart' does not exist on type 'PrismaClient<PrismaClientOptions, never, DefaultArgs>'.
src/services/cart/cart.service.ts(39,19): error TS2339: Property 'cartItem' does not exist on type 'PrismaClient<PrismaClientOptions, never, DefaultArgs>'.
src/services/cart/cart.service.ts(50,19): error TS2339: Property 'cartItemVariant' does not exist on type 'PrismaClient<PrismaClientOptions, never, DefaultArgs>'.
src/services/cart/cart.service.ts(60,19): error TS2339: Property 'cartItemTopping' does not exist on type 'PrismaClient<PrismaClientOptions, never, DefaultArgs>'.
src/services/cart/cart.service.ts(70,19): error TS2339: Property 'cartItemExtra' does not exist on type 'PrismaClient<PrismaClientOptions, never, DefaultArgs>'.
src/services/cart/cart.service.ts(80,19): error TS2339: Property 'cartItem' does not exist on type 'PrismaClient<PrismaClientOptions, never, DefaultArgs>'.
src/services/cart/cart.service.ts(88,19): error TS2339: Property 'cartItem' does not exist on type 'PrismaClient<PrismaClientOptions, never, DefaultArgs>'.
src/services/cart/pricing.service.ts(9,31): error TS2339: Property 'item' does not exist on type 'PrismaClient<PrismaClientOptions, never, DefaultArgs>'.
src/services/cart/pricing.service.ts(19,36): error TS2339: Property 'variant' does not exist on type 'PrismaClient<PrismaClientOptions, never, DefaultArgs>'.
src/services/cart/pricing.service.ts(30,30): error TS2339: Property 'topping' does not exist on type 'PrismaClient<PrismaClientOptions, never, DefaultArgs>'.
src/services/cart/pricing.service.ts(41,30): error TS2339: Property 'extra' does not exist on type 'PrismaClient<PrismaClientOptions, never, DefaultArgs>'.
src/services/conversational.service.ts(1,8): error TS2613: Module '"D:/Concordia/Concordia-Backend/src/prisma/client"' has no default export. Did you mean to use 'import { prisma } from "D:/Concordia/Concordia-Backend/src/prisma/client"' instead?
src/services/couriers.service.ts(1,8): error TS2613: Module '"D:/Concordia/Concordia-Backend/src/prisma/client"' has no default export. Did you mean to use 'import { prisma } from "D:/Concordia/Concordia-Backend/src/prisma/client"' instead?
src/services/couriers.service.ts(2,28): error TS1479: The current file is a CommonJS module whose imports will produce 'require' calls; however, the referenced file is an ECMAScript module and cannot be imported with 'require'. Consider writing a dynamic 'import("uuid")' call instead.
  To convert this file to an ECMAScript module, change its file extension to '.mts', or add the field `"type": "module"` to 'D:/Concordia/Concordia-Backend/package.json'.
src/services/courierTracking.service.ts(1,8): error TS2613: Module '"D:/Concordia/Concordia-Backend/src/prisma/client"' has no default export. Did you mean to use 'import { prisma } from "D:/Concordia/Concordia-Backend/src/prisma/client"' instead?
src/services/customers.service.ts(1,8): error TS2613: Module '"D:/Concordia/Concordia-Backend/src/prisma/client"' has no default export. Did you mean to use 'import { prisma } from "D:/Concordia/Concordia-Backend/src/prisma/client"' instead?
src/services/dashboard.service.ts(1,8): error TS2613: Module '"D:/Concordia/Concordia-Backend/src/prisma/client"' has no default export. Did you mean to use 'import { prisma } from "D:/Concordia/Concordia-Backend/src/prisma/client"' instead?
src/services/decisionEngine.service.ts(49,32): error TS2615: Type of property 'AND' circularly references itself in mapped type '{ [K in keyof { AND?: OrderItemScalarWhereWithAggregatesInput | OrderItemScalarWhereWithAggregatesInput[]; ... 9 more ...; price?: number | FloatWithAggregatesFilter<...>; }]: Or<...> extends 1 ? { ...; }[K] extends infer TK ? GetHavingFields<...> : never : {} extends FieldPaths<...> ? never : K; }'.
src/services/decisionEngine.service.ts(49,32): error TS2615: Type of property 'NOT' circularly references itself in mapped type '{ [K in keyof { AND?: OrderItemScalarWhereWithAggregatesInput | OrderItemScalarWhereWithAggregatesInput[]; ... 9 more ...; price?: number | FloatWithAggregatesFilter<...>; }]: Or<...> extends 1 ? { ...; }[K] extends infer TK ? GetHavingFields<...> : never : {} extends FieldPaths<...> ? never : K; }'.
src/services/decisionEngine.service.ts(49,32): error TS2615: Type of property 'OR' circularly references itself in mapped type '{ [K in keyof { AND?: OrderItemScalarWhereWithAggregatesInput | OrderItemScalarWhereWithAggregatesInput[]; ... 9 more ...; price?: number | FloatWithAggregatesFilter<...>; }]: Or<...> extends 1 ? { ...; }[K] extends infer TK ? GetHavingFields<...> : never : {} extends FieldPaths<...> ? never : K; }'.
src/services/deliveryFee.service.ts(1,8): error TS2613: Module '"D:/Concordia/Concordia-Backend/src/prisma/client"' has no default export. Did you mean to use 'import { prisma } from "D:/Concordia/Concordia-Backend/src/prisma/client"' instead?
src/services/dynamicPricing.service.ts(7,24): error TS2353: Object literal may only specify known properties, and 'createdAt' does not exist in type 'OrderItemWhereInput'.
src/services/dynamicPricing.service.ts(66,61): error TS2353: Object literal may only specify known properties, and 'branchId' does not exist in type 'MenuItemWhereInput'.
src/services/favorites.service.ts(1,8): error TS2613: Module '"D:/Concordia/Concordia-Backend/src/prisma/client"' has no default export. Did you mean to use 'import { prisma } from "D:/Concordia/Concordia-Backend/src/prisma/client"' instead?
src/services/forecasting.service.ts(63,16): error TS2353: Object literal may only specify known properties, and 'branchId' does not exist in type 'MenuItemWhereInput'.
src/services/forecasting.service.ts(64,18): error TS2353: Object literal may only specify known properties, and 'orderItems' does not exist in type 'MenuItemInclude<DefaultArgs>'.
src/services/forecasting.service.ts(68,29): error TS2339: Property 'orderItems' does not exist on type '{ id: string; name: string; description: string; price: number; tags: string[]; stock: number; lowStockThreshold: number; autoDisable: boolean; }'.
src/services/forecasting.service.ts(81,16): error TS2353: Object literal may only specify known properties, and 'branchId' does not exist in type 'MenuItemWhereInput'.
src/services/forecasting.service.ts(82,18): error TS2353: Object literal may only specify known properties, and 'orderItems' does not exist in type 'MenuItemInclude<DefaultArgs>'.
src/services/forecasting.service.ts(88,31): error TS2339: Property 'orderItems' does not exist on type '{ id: string; name: string; description: string; price: number; tags: string[]; stock: number; lowStockThreshold: number; autoDisable: boolean; }'.
src/services/fraud.service.ts(1,8): error TS2613: Module '"D:/Concordia/Concordia-Backend/src/prisma/client"' has no default export. Did you mean to use 'import { prisma } from "D:/Concordia/Concordia-Backend/src/prisma/client"' instead?
src/services/kds/kds.service.ts(7,9): error TS2561: Object literal may only specify known properties, but 'branch_id' does not exist in type 'OrderWhereInput'. Did you mean to write 'branchId'?
src/services/kds/kds.service.ts(18,16): error TS2322: Type 'number' is not assignable to type 'string'.
src/services/loyalty.service.ts(1,8): error TS2613: Module '"D:/Concordia/Concordia-Backend/src/prisma/client"' has no default export. Did you mean to use 'import { prisma } from "D:/Concordia/Concordia-Backend/src/prisma/client"' instead?
src/services/ltml.service.ts(1,8): error TS2613: Module '"D:/Concordia/Concordia-Backend/src/prisma/client"' has no default export. Did you mean to use 'import { prisma } from "D:/Concordia/Concordia-Backend/src/prisma/client"' instead?
src/services/managerDashboard.service.ts(1,8): error TS2613: Module '"D:/Concordia/Concordia-Backend/src/prisma/client"' has no default export. Did you mean to use 'import { prisma } from "D:/Concordia/Concordia-Backend/src/prisma/client"' instead?
src/services/menu.service.ts(6,19): error TS2551: Property 'menuCategory' does not exist on type 'PrismaClient<PrismaClientOptions, never, DefaultArgs>'. Did you mean 'category'?
src/services/menu.service.ts(10,19): error TS2551: Property 'menuCategory' does not exist on type 'PrismaClient<PrismaClientOptions, never, DefaultArgs>'. Did you mean 'category'?
src/services/menu.service.ts(14,19): error TS2551: Property 'menuCategory' does not exist on type 'PrismaClient<PrismaClientOptions, never, DefaultArgs>'. Did you mean 'category'?
src/services/menu.service.ts(18,19): error TS2551: Property 'menuCategory' does not exist on type 'PrismaClient<PrismaClientOptions, never, DefaultArgs>'. Did you mean 'category'?
src/services/menu.service.ts(52,19): error TS2339: Property 'menuVariant' does not exist on type 'PrismaClient<PrismaClientOptions, never, DefaultArgs>'.
src/services/menu.service.ts(56,19): error TS2339: Property 'menuVariant' does not exist on type 'PrismaClient<PrismaClientOptions, never, DefaultArgs>'.
src/services/menu.service.ts(60,19): error TS2339: Property 'menuVariant' does not exist on type 'PrismaClient<PrismaClientOptions, never, DefaultArgs>'.
src/services/menu.service.ts(65,19): error TS2339: Property 'addOnGroup' does not exist on type 'PrismaClient<PrismaClientOptions, never, DefaultArgs>'.
src/services/menu.service.ts(69,19): error TS2339: Property 'addOnGroup' does not exist on type 'PrismaClient<PrismaClientOptions, never, DefaultArgs>'.
src/services/menu.service.ts(73,19): error TS2339: Property 'addOnGroup' does not exist on type 'PrismaClient<PrismaClientOptions, never, DefaultArgs>'.
src/services/menu.service.ts(78,19): error TS2339: Property 'addOn' does not exist on type 'PrismaClient<PrismaClientOptions, never, DefaultArgs>'.
src/services/menu.service.ts(82,19): error TS2339: Property 'addOn' does not exist on type 'PrismaClient<PrismaClientOptions, never, DefaultArgs>'.
src/services/menu.service.ts(86,19): error TS2339: Property 'addOn' does not exist on type 'PrismaClient<PrismaClientOptions, never, DefaultArgs>'.
src/services/menu.service.ts(93,15): error TS2353: Object literal may only specify known properties, and 'isAvailable' does not exist in type '(Without<MenuItemUpdateInput, MenuItemUncheckedUpdateInput> & MenuItemUncheckedUpdateInput) | (Without<...> & MenuItemUpdateInput)'.
src/services/menu.service.ts(98,19): error TS2339: Property 'menuVariant' does not exist on type 'PrismaClient<PrismaClientOptions, never, DefaultArgs>'.
src/services/menu.service.ts(105,19): error TS2339: Property 'addOn' does not exist on type 'PrismaClient<PrismaClientOptions, never, DefaultArgs>'.
src/services/menuOptimization.service.ts(14,9): error TS2353: Object literal may only specify known properties, and 'item' does not exist in type 'OrderItemInclude<DefaultArgs>'.
src/services/menuOptimization.service.ts(37,23): error TS2339: Property 'item' does not exist on type '{ id: string; price: number; itemId: string; variantId: string; orderId: string; addOnIds: string[]; quantity: number; notes: string; }'.
src/services/menuOptimization.service.ts(47,14): error TS2551: Property 'order' does not exist on type '{ id: string; price: number; itemId: string; variantId: string; orderId: string; addOnIds: string[]; quantity: number; notes: string; }'. Did you mean 'orderId'?
src/services/menuOptimization.service.ts(48,36): error TS2551: Property 'order' does not exist on type '{ id: string; price: number; itemId: string; variantId: string; orderId: string; addOnIds: string[]; quantity: number; notes: string; }'. Did you mean 'orderId'?
src/services/menuOptimization.service.ts(74,9): error TS2353: Object literal may only specify known properties, and 'item' does not exist in type 'OrderItemInclude<DefaultArgs>'.
src/services/menuOptimization.service.ts(82,23): error TS2339: Property 'item' does not exist on type '{ id: string; price: number; itemId: string; variantId: string; orderId: string; addOnIds: string[]; quantity: number; notes: string; }'.
src/services/menuOptimization.service.ts(112,9): error TS2353: Object literal may only specify known properties, and 'item' does not exist in type 'OrderItemInclude<DefaultArgs>'.
src/services/menuOptimization.service.ts(120,23): error TS2339: Property 'item' does not exist on type '{ id: string; price: number; itemId: string; variantId: string; orderId: string; addOnIds: string[]; quantity: number; notes: string; }'.
src/services/menuOptimization.service.ts(147,16): error TS2353: Object literal may only specify known properties, and 'branchId' does not exist in type 'MenuItemWhereInput'.
src/services/menuOptimization.service.ts(172,16): error TS2353: Object literal may only specify known properties, and 'branchId' does not exist in type 'MenuItemWhereInput'.
src/services/menuOptimization.service.ts(184,23): error TS2339: Property '_count' does not exist on type '{ id: string; name: string; description: string; price: number; tags: string[]; stock: number; lowStockThreshold: number; autoDisable: boolean; }'.
src/services/nlae.service.ts(1,8): error TS2613: Module '"D:/Concordia/Concordia-Backend/src/prisma/client"' has no default export. Did you mean to use 'import { prisma } from "D:/Concordia/Concordia-Backend/src/prisma/client"' instead?
src/services/notifications.service.ts(1,8): error TS2613: Module '"D:/Concordia/Concordia-Backend/src/prisma/client"' has no default export. Did you mean to use 'import { prisma } from "D:/Concordia/Concordia-Backend/src/prisma/client"' instead?
src/services/order/order.service.ts(4,28): error TS1479: The current file is a CommonJS module whose imports will produce 'require' calls; however, the referenced file is an ECMAScript module and cannot be imported with 'require'. Consider writing a dynamic 'import("uuid")' call instead.
  To convert this file to an ECMAScript module, change its file extension to '.mts', or add the field `"type": "module"` to 'D:/Concordia/Concordia-Backend/package.json'.
src/services/order/order.service.ts(11,31): error TS2339: Property 'cart' does not exist on type 'PrismaClient<PrismaClientOptions, never, DefaultArgs>'.
src/services/order/order.service.ts(33,9): error TS2353: Object literal may only specify known properties, and 'order_id' does not exist in type '(Without<OrderCreateInput, OrderUncheckedCreateInput> & OrderUncheckedCreateInput) | (Without<...> & OrderCreateInput)'.
src/services/order/order.service.ts(49,11): error TS2561: Object literal may only specify known properties, but 'order_id' does not exist in type '(Without<OrderItemCreateInput, OrderItemUncheckedCreateInput> & OrderItemUncheckedCreateInput) | (Without<...> & OrderItemCreateInput)'. Did you mean to write 'orderId'?
src/services/order/order.service.ts(59,22): error TS2339: Property 'orderItemVariant' does not exist on type 'PrismaClient<PrismaClientOptions, never, DefaultArgs>'.
src/services/order/order.service.ts(70,22): error TS2339: Property 'orderItemTopping' does not exist on type 'PrismaClient<PrismaClientOptions, never, DefaultArgs>'.
src/services/order/order.service.ts(81,22): error TS2339: Property 'orderItemExtra' does not exist on type 'PrismaClient<PrismaClientOptions, never, DefaultArgs>'.
src/services/order/order.service.ts(92,18): error TS2339: Property 'cartItem' does not exist on type 'PrismaClient<PrismaClientOptions, never, DefaultArgs>'.
src/services/order/order.service.ts(117,16): error TS2353: Object literal may only specify known properties, and 'order_id' does not exist in type 'OrderWhereUniqueInput'.
src/services/order/order.service.ts(120,9): error TS2353: Object literal may only specify known properties, and 'estimated_time' does not exist in type '(Without<OrderUpdateInput, OrderUncheckedUpdateInput> & OrderUncheckedUpdateInput) | (Without<...> & OrderUpdateInput)'.
src/services/order/order.service.ts(125,13): error TS2353: Object literal may only specify known properties, and 'item' does not exist in type 'OrderItemInclude<DefaultArgs>'.
src/services/order/order.service.ts(136,45): error TS2307: Cannot find module '../print/print.service' or its corresponding type declarations.
src/services/order/order.service.ts(137,43): error TS2339: Property 'order_id' does not exist on type '{ id: string; branchId: string; createdAt: Date; updatedAt: Date; status: string; customerId: string; isGuest: boolean; paymentMethod: string; paymentStatus: string; paymentIntentId: string; ... 5 more ...; courierStatus: string; }'.
src/services/order/order.service.ts(149,16): error TS2353: Object literal may only specify known properties, and 'order_id' does not exist in type 'OrderWhereUniqueInput'.
src/services/order/order.service.ts(171,13): error TS2353: Object literal may only specify known properties, and 'item' does not exist in type 'OrderItemInclude<DefaultArgs>'.
src/services/order/order.service.ts(186,16): error TS2353: Object literal may only specify known properties, and 'order_id' does not exist in type 'OrderWhereUniqueInput'.
src/services/order/order.service.ts(190,13): error TS2353: Object literal may only specify known properties, and 'item' does not exist in type 'OrderItemInclude<DefaultArgs>'.
src/services/order/order.service.ts(205,16): error TS2353: Object literal may only specify known properties, and 'order_id' does not exist in type 'OrderWhereUniqueInput'.
src/services/order/order.service.ts(206,15): error TS2353: Object literal may only specify known properties, and 'terminal_id' does not exist in type '(Without<OrderUpdateInput, OrderUncheckedUpdateInput> & OrderUncheckedUpdateInput) | (Without<...> & OrderUpdateInput)'.
src/services/order/order.service.ts(210,13): error TS2353: Object literal may only specify known properties, and 'item' does not exist in type 'OrderItemInclude<DefaultArgs>'.
src/services/orders.service.ts(1,8): error TS2613: Module '"D:/Concordia/Concordia-Backend/src/prisma/client"' has no default export. Did you mean to use 'import { prisma } from "D:/Concordia/Concordia-Backend/src/prisma/client"' instead?
src/services/orders.service.ts(2,28): error TS1479: The current file is a CommonJS module whose imports will produce 'require' calls; however, the referenced file is an ECMAScript module and cannot be imported with 'require'. Consider writing a dynamic 'import("uuid")' call instead.
  To convert this file to an ECMAScript module, change its file extension to '.mts', or add the field `"type": "module"` to 'D:/Concordia/Concordia-Backend/package.json'.
src/services/payments.service.ts(1,8): error TS2613: Module '"D:/Concordia/Concordia-Backend/src/prisma/client"' has no default export. Did you mean to use 'import { prisma } from "D:/Concordia/Concordia-Backend/src/prisma/client"' instead?
src/services/payments.service.ts(2,20): error TS2307: Cannot find module 'stripe' or its corresponding type declarations.
src/services/print/print.service.ts(10,16): error TS2353: Object literal may only specify known properties, and 'order_id' does not exist in type 'OrderWhereUniqueInput'.
src/services/print/print.service.ts(14,13): error TS2353: Object literal may only specify known properties, and 'item' does not exist in type 'OrderItemInclude<DefaultArgs>'.
src/services/print/print.service.ts(27,65): error TS2339: Property 'order_id' does not exist on type '{ id: string; branchId: string; createdAt: Date; updatedAt: Date; status: string; customerId: string; isGuest: boolean; paymentMethod: string; paymentStatus: string; paymentIntentId: string; ... 5 more ...; courierStatus: string; }'.
src/services/push.service.ts(1,19): error TS2307: Cannot find module 'firebase-admin' or its corresponding type declarations.
src/services/recommendation.service.ts(1,8): error TS2613: Module '"D:/Concordia/Concordia-Backend/src/prisma/client"' has no default export. Did you mean to use 'import { prisma } from "D:/Concordia/Concordia-Backend/src/prisma/client"' instead?
src/services/review.service.ts(1,8): error TS2613: Module '"D:/Concordia/Concordia-Backend/src/prisma/client"' has no default export. Did you mean to use 'import { prisma } from "D:/Concordia/Concordia-Backend/src/prisma/client"' instead?
src/services/search.service.ts(1,8): error TS2613: Module '"D:/Concordia/Concordia-Backend/src/prisma/client"' has no default export. Did you mean to use 'import { prisma } from "D:/Concordia/Concordia-Backend/src/prisma/client"' instead?
src/services/terminal/terminal.service.ts(11,16): error TS2353: Object literal may only specify known properties, and 'branch_code' does not exist in type 'BranchWhereUniqueInput'.
src/services/terminal/terminal.service.ts(19,7): error TS2561: Object literal may only specify known properties, but 'branch_id' does not exist in type 'JwtPayload'. Did you mean to write 'branchId'?
src/services/terminal/terminal.service.ts(20,27): error TS2339: Property 'branch_code' does not exist on type '{ id: string; name: string; active: boolean; address: string; phone: string; lat: number; lng: number; cuisine: string; }'.
src/services/terminal/terminal.service.ts(43,43): error TS2339: Property 'terminal' does not exist on type 'PrismaClient<PrismaClientOptions, never, DefaultArgs>'.
src/services/terminal/terminal.service.ts(54,35): error TS2339: Property 'branchTerminal' does not exist on type 'PrismaClient<PrismaClientOptions, never, DefaultArgs>'.
src/services/terminal/terminal.service.ts(63,18): error TS2339: Property 'terminal' does not exist on type 'PrismaClient<PrismaClientOptions, never, DefaultArgs>'.
src/services/terminal/terminal.service.ts(78,35): error TS2339: Property 'branchTerminal' does not exist on type 'PrismaClient<PrismaClientOptions, never, DefaultArgs>'.
src/services/terminal/terminal.service.ts(94,16): error TS2561: Object literal may only specify known properties, but 'branch_id' does not exist in type 'OrderWhereInput'. Did you mean to write 'branchId'?
src/services/terminal/terminal.service.ts(99,13): error TS2353: Object literal may only specify known properties, and 'item' does not exist in type 'OrderItemInclude<DefaultArgs>'.
src/services/terminal/terminal.service.ts(117,18): error TS2339: Property 'branchTerminal' does not exist on type 'PrismaClient<PrismaClientOptions, never, DefaultArgs>'.
src/services/terminal/terminal.service.ts(131,60): error TS2353: Object literal may only specify known properties, and 'order_id' does not exist in type 'OrderWhereUniqueInput'.
src/services/terminal/terminal.service.ts(138,16): error TS2353: Object literal may only specify known properties, and 'order_id' does not exist in type 'OrderWhereUniqueInput'.
src/services/terminal/terminal.service.ts(141,9): error TS2353: Object literal may only specify known properties, and 'terminal_id' does not exist in type '(Without<OrderUpdateInput, OrderUncheckedUpdateInput> & OrderUncheckedUpdateInput) | (Without<...> & OrderUpdateInput)'.
src/services/terminal/terminal.service.ts(146,13): error TS2353: Object literal may only specify known properties, and 'item' does not exist in type 'OrderItemInclude<DefaultArgs>'.
src/services/terminal/terminal.service.ts(162,35): error TS2339: Property 'branchTerminal' does not exist on type 'PrismaClient<PrismaClientOptions, never, DefaultArgs>'.
src/services/terminal/terminal.service.ts(171,16): error TS2353: Object literal may only specify known properties, and 'order_id' does not exist in type 'OrderWhereUniqueInput'.
src/services/terminal/terminal.service.ts(178,15): error TS2339: Property 'terminal_id' does not exist on type '{ id: string; branchId: string; createdAt: Date; updatedAt: Date; status: string; customerId: string; isGuest: boolean; paymentMethod: string; paymentStatus: string; paymentIntentId: string; ... 5 more ...; courierStatus: string; }'.
src/services/terminal/terminal.service.ts(183,16): error TS2353: Object literal may only specify known properties, and 'order_id' does not exist in type 'OrderWhereUniqueInput'.
src/services/terminal/terminal.service.ts(185,9): error TS2353: Object literal may only specify known properties, and 'terminal_id' does not exist in type '(Without<OrderUpdateInput, OrderUncheckedUpdateInput> & OrderUncheckedUpdateInput) | (Without<...> & OrderUpdateInput)'.
src/services/terminal/terminal.service.ts(191,13): error TS2353: Object literal may only specify known properties, and 'item' does not exist in type 'OrderItemInclude<DefaultArgs>'.
src/services/terminal/terminal.service.ts(201,36): error TS2835: Relative import paths need explicit file extensions in ECMAScript imports when '--moduleResolution' is 'node16' or 'nodenext'. Did you mean '../../lib/socket.js'?
src/services/terminal/terminal.service.ts(203,30): error TS2339: Property 'order_id' does not exist on type '{ id: string; branchId: string; createdAt: Date; updatedAt: Date; status: string; customerId: string; isGuest: boolean; paymentMethod: string; paymentStatus: string; paymentIntentId: string; ... 5 more ...; courierStatus: string; }'.
src/services/terminal/terminal.service.ts(204,33): error TS2339: Property 'terminal_id' does not exist on type '{ id: string; branchId: string; createdAt: Date; updatedAt: Date; status: string; customerId: string; isGuest: boolean; paymentMethod: string; paymentStatus: string; paymentIntentId: string; ... 5 more ...; courierStatus: string; }'.
src/services/terminal/terminal.service.ts(206,31): error TS2551: Property 'branch_id' does not exist on type '{ id: string; branchId: string; createdAt: Date; updatedAt: Date; status: string; customerId: string; isGuest: boolean; paymentMethod: string; paymentStatus: string; paymentIntentId: string; ... 5 more ...; courierStatus: string; }'. Did you mean 'branchId'?
src/services/terminal/terminal.service.ts(209,39): error TS2551: Property 'branch_id' does not exist on type '{ id: string; branchId: string; createdAt: Date; updatedAt: Date; status: string; customerId: string; isGuest: boolean; paymentMethod: string; paymentStatus: string; paymentIntentId: string; ... 5 more ...; courierStatus: string; }'. Did you mean 'branchId'?
src/services/terminal/terminal.service.ts(212,43): error TS2307: Cannot find module '../order/order.service' or its corresponding type declarations.
src/services/terminal/terminal.service.ts(222,35): error TS2339: Property 'branchTerminal' does not exist on type 'PrismaClient<PrismaClientOptions, never, DefaultArgs>'.
src/services/terminal/terminal.service.ts(231,16): error TS2353: Object literal may only specify known properties, and 'order_id' does not exist in type 'OrderWhereUniqueInput'.
src/services/terminal/terminal.service.ts(239,16): error TS2353: Object literal may only specify known properties, and 'order_id' does not exist in type 'OrderWhereUniqueInput'.
src/services/terminal/terminal.service.ts(241,9): error TS2353: Object literal may only specify known properties, and 'terminal_id' does not exist in type '(Without<OrderUpdateInput, OrderUncheckedUpdateInput> & OrderUncheckedUpdateInput) | (Without<...> & OrderUpdateInput)'.
src/services/terminal/terminal.service.ts(247,13): error TS2353: Object literal may only specify known properties, and 'item' does not exist in type 'OrderItemInclude<DefaultArgs>'.
src/services/terminal/terminal.service.ts(264,16): error TS2353: Object literal may only specify known properties, and 'order_id' does not exist in type 'OrderWhereUniqueInput'.
src/services/terminal/terminal.service.ts(271,15): error TS2339: Property 'terminal_id' does not exist on type '{ id: string; branchId: string; createdAt: Date; updatedAt: Date; status: string; customerId: string; isGuest: boolean; paymentMethod: string; paymentStatus: string; paymentIntentId: string; ... 5 more ...; courierStatus: string; }'.
src/services/terminal/terminal.service.ts(276,16): error TS2353: Object literal may only specify known properties, and 'order_id' does not exist in type 'OrderWhereUniqueInput'.
src/services/terminal/terminal.service.ts(281,13): error TS2353: Object literal may only specify known properties, and 'item' does not exist in type 'OrderItemInclude<DefaultArgs>'.
src/services/terminal/terminal.service.ts(291,36): error TS2835: Relative import paths need explicit file extensions in ECMAScript imports when '--moduleResolution' is 'node16' or 'nodenext'. Did you mean '../../lib/socket.js'?
src/services/terminal/terminal.service.ts(293,30): error TS2339: Property 'order_id' does not exist on type '{ id: string; branchId: string; createdAt: Date; updatedAt: Date; status: string; customerId: string; isGuest: boolean; paymentMethod: string; paymentStatus: string; paymentIntentId: string; ... 5 more ...; courierStatus: string; }'.
src/services/terminal/terminal.service.ts(294,33): error TS2339: Property 'terminal_id' does not exist on type '{ id: string; branchId: string; createdAt: Date; updatedAt: Date; status: string; customerId: string; isGuest: boolean; paymentMethod: string; paymentStatus: string; paymentIntentId: string; ... 5 more ...; courierStatus: string; }'.
src/services/terminal/terminal.service.ts(296,31): error TS2551: Property 'branch_id' does not exist on type '{ id: string; branchId: string; createdAt: Date; updatedAt: Date; status: string; customerId: string; isGuest: boolean; paymentMethod: string; paymentStatus: string; paymentIntentId: string; ... 5 more ...; courierStatus: string; }'. Did you mean 'branchId'?
src/services/terminal/terminal.service.ts(299,39): error TS2551: Property 'branch_id' does not exist on type '{ id: string; branchId: string; createdAt: Date; updatedAt: Date; status: string; customerId: string; isGuest: boolean; paymentMethod: string; paymentStatus: string; paymentIntentId: string; ... 5 more ...; courierStatus: string; }'. Did you mean 'branchId'?
src/services/terminal/terminal.service.ts(302,43): error TS2307: Cannot find module '../order/order.service' or its corresponding type declarations.
src/services/terminal/terminal.service.ts(313,16): error TS2353: Object literal may only specify known properties, and 'order_id' does not exist in type 'OrderWhereUniqueInput'.
src/services/terminal/terminal.service.ts(320,15): error TS2339: Property 'terminal_id' does not exist on type '{ id: string; branchId: string; createdAt: Date; updatedAt: Date; status: string; customerId: string; isGuest: boolean; paymentMethod: string; paymentStatus: string; paymentIntentId: string; ... 5 more ...; courierStatus: string; }'.
src/services/terminal/terminal.service.ts(325,16): error TS2353: Object literal may only specify known properties, and 'order_id' does not exist in type 'OrderWhereUniqueInput'.
src/services/terminal/terminal.service.ts(328,9): error TS2353: Object literal may only specify known properties, and 'terminal_id' does not exist in type '(Without<OrderUpdateInput, OrderUncheckedUpdateInput> & OrderUncheckedUpdateInput) | (Without<...> & OrderUpdateInput)'.
src/services/terminal/terminal.service.ts(333,13): error TS2353: Object literal may only specify known properties, and 'item' does not exist in type 'OrderItemInclude<DefaultArgs>'.
src/services/terminal/terminal.service.ts(343,36): error TS2835: Relative import paths need explicit file extensions in ECMAScript imports when '--moduleResolution' is 'node16' or 'nodenext'. Did you mean '../../lib/socket.js'?
src/services/terminal/terminal.service.ts(345,30): error TS2339: Property 'order_id' does not exist on type '{ id: string; branchId: string; createdAt: Date; updatedAt: Date; status: string; customerId: string; isGuest: boolean; paymentMethod: string; paymentStatus: string; paymentIntentId: string; ... 5 more ...; courierStatus: string; }'.
src/services/terminal/terminal.service.ts(346,33): error TS2339: Property 'terminal_id' does not exist on type '{ id: string; branchId: string; createdAt: Date; updatedAt: Date; status: string; customerId: string; isGuest: boolean; paymentMethod: string; paymentStatus: string; paymentIntentId: string; ... 5 more ...; courierStatus: string; }'.
src/services/terminal/terminal.service.ts(348,31): error TS2551: Property 'branch_id' does not exist on type '{ id: string; branchId: string; createdAt: Date; updatedAt: Date; status: string; customerId: string; isGuest: boolean; paymentMethod: string; paymentStatus: string; paymentIntentId: string; ... 5 more ...; courierStatus: string; }'. Did you mean 'branchId'?
src/services/terminal/terminal.service.ts(351,39): error TS2551: Property 'branch_id' does not exist on type '{ id: string; branchId: string; createdAt: Date; updatedAt: Date; status: string; customerId: string; isGuest: boolean; paymentMethod: string; paymentStatus: string; paymentIntentId: string; ... 5 more ...; courierStatus: string; }'. Did you mean 'branchId'?
src/services/terminal/terminal.service.ts(354,43): error TS2307: Cannot find module '../order/order.service' or its corresponding type declarations.
