node : ts-jest[ts-jest-transformer] (WARN) Define `ts-jest` config under 
`globals` is deprecated. Please do
At line:1 char:1
+ node --experimental-vm-modules ./node_modules/jest/bin/jest.js src/ag ...
+ ~~~~~~~~~~~~~~~~~~~~~~~~~~~~~~~~~~~~~~~~~~~~~~~~~~~~~~~~~~~~~~~~~~~~~
    + CategoryInfo          : NotSpecified: (ts-jest[ts-jest...ated. Please do 
   :String) [], RemoteException
    + FullyQualifiedErrorId : NativeCommandError
 
transform: {
    <transform_regex>: ['ts-jest', { /* ts-jest config goes here in Jest */ }],
},
See more at 
https://kulshekhar.github.io/ts-jest/docs/getting-started/presets#advanced
ts-jest[config] (WARN) 
    The "ts-jest" config option "isolatedModules" is deprecated and will be 
removed in v30.0.0. Please use "isolatedModules: true" in 
D:/Concordia/Concordia-Backend/tsconfig.json instead, see 
https://www.typescriptlang.org/tsconfig/#isolatedModules
  
  console.log
    [AgentBrain] Memory before update: {}

      at AgentBrain.run (src/agent/AgentBrain.ts:78:13)

  console.log
    [AgentBrain] Memory reset. Previous memory: {}

      at AgentBrain.resetMemory (src/agent/AgentBrain.ts:33:13)

  console.log
    [AgentBrain] Memory after update: {
      lastIntent: 'preview_update',
      lastBranchId: 'kempen',
      lastPreviewPayload: {
        branchId: 'kempen',
        hours: [
          [Object], [Object],
          [Object], [Object],
          [Object], [Object],
          [Object]
        ]
      },
      lastPreviewInstruction: {
        branchId: 'kempen',
        updateDays: [ 'saturday', 'sunday' ],
        explicitBranch: true,
        explicitDays: true,
        explicitHours: true,
        open: '12:00',
        close: '22:00',
        closed: false
      },
      lastChangedDays: [ 'saturday', 'sunday' ]
    }

      at AgentBrain.run (src/agent/AgentBrain.ts:131:13)

  console.log
    [AgentBrain] Memory before update: {}

      at AgentBrain.run (src/agent/AgentBrain.ts:78:13)

  console.log
    [AgentBrain] Memory reset. Previous memory: {}

      at AgentBrain.resetMemory (src/agent/AgentBrain.ts:33:13)

  console.log
    [AgentBrain] Memory after update: {
      lastIntent: 'preview_update',
      lastBranchId: 'kempen',
      lastPreviewPayload: {
        branchId: 'kempen',
        hours: [
          [Object], [Object],
          [Object], [Object],
          [Object], [Object],
          [Object]
        ]
      },
      lastPreviewInstruction: {
        branchId: 'kempen',
        updateDays: [ 'saturday', 'sunday' ],
        explicitBranch: true,
        explicitDays: true,
        explicitHours: true,
        open: '12:00',
        close: '22:00',
        closed: false
      },
      lastChangedDays: [ 'saturday', 'sunday' ]
    }

      at AgentBrain.run (src/agent/AgentBrain.ts:131:13)

  console.log
    [AgentBrain] Memory before update: {
      lastIntent: 'preview_update',
      lastBranchId: 'kempen',
      lastPreviewPayload: {
        branchId: 'kempen',
        hours: [
          [Object], [Object],
          [Object], [Object],
          [Object], [Object],
          [Object]
        ]
      },
      lastPreviewInstruction: {
        branchId: 'kempen',
        updateDays: [ 'saturday', 'sunday' ],
        explicitBranch: true,
        explicitDays: true,
        explicitHours: true,
        open: '12:00',
        close: '22:00',
        closed: false
      },
      lastChangedDays: [ 'saturday', 'sunday' ]
    }

      at AgentBrain.run (src/agent/AgentBrain.ts:78:13)

  console.log
    [AgentBrain] Memory after update: {
      lastIntent: 'confirm_update',
      lastBranchId: 'kempen',
      lastChangedDays: [ 'saturday', 'sunday' ],
      lastConfirmedSchedule: {
        branchId: 'kempen',
        hours: [
          [Object], [Object],
          [Object], [Object],
          [Object], [Object],
          [Object]
        ]
      }
    }

      at AgentBrain.run (src/agent/AgentBrain.ts:131:13)

  console.log
    [AgentBrain] Memory before update: {}

      at AgentBrain.run (src/agent/AgentBrain.ts:78:13)

  console.log
    [AgentBrain] Memory reset. Previous memory: {}

      at AgentBrain.resetMemory (src/agent/AgentBrain.ts:33:13)

  console.log
    [AgentBrain] Memory after update: {
      lastIntent: 'preview_update',
      lastBranchId: 'kempen',
      lastPreviewPayload: {
        branchId: 'kempen',
        hours: [
          [Object], [Object],
          [Object], [Object],
          [Object], [Object],
          [Object]
        ]
      },
      lastPreviewInstruction: {
        branchId: 'kempen',
        updateDays: [ 'saturday', 'sunday' ],
        explicitBranch: true,
        explicitDays: true,
        explicitHours: true,
        open: '12:00',
        close: '22:00',
        closed: false
      },
      lastChangedDays: [ 'saturday', 'sunday' ]
    }

      at AgentBrain.run (src/agent/AgentBrain.ts:131:13)

  console.log
    [AgentBrain] Memory before update: {
      lastIntent: 'preview_update',
      lastBranchId: 'kempen',
      lastPreviewPayload: {
        branchId: 'kempen',
        hours: [
          [Object], [Object],
          [Object], [Object],
          [Object], [Object],
          [Object]
        ]
      },
      lastPreviewInstruction: {
        branchId: 'kempen',
        updateDays: [ 'saturday', 'sunday' ],
        explicitBranch: true,
        explicitDays: true,
        explicitHours: true,
        open: '12:00',
        close: '22:00',
        closed: false
      },
      lastChangedDays: [ 'saturday', 'sunday' ]
    }

      at AgentBrain.run (src/agent/AgentBrain.ts:78:13)

  console.log
    [AgentBrain] Memory after update: {
      lastIntent: 'preview_update',
      lastBranchId: 'straelen',
      lastPreviewPayload: {
        branchId: 'straelen',
        hours: [
          [Object], [Object],
          [Object], [Object],
          [Object], [Object],
          [Object]
        ]
      },
      lastPreviewInstruction: { copySourceBranchId: 'kempen', copyTargetBranchId: 'straelen' },
      lastChangedDays: [
        'monday',
        'tuesday',
        'wednesday',
        'thursday',
        'friday',
        'saturday',
        'sunday'
      ]
    }

      at AgentBrain.run (src/agent/AgentBrain.ts:131:13)

  console.log
    [AgentBrain] Memory before update: {}

      at AgentBrain.run (src/agent/AgentBrain.ts:78:13)

  console.log
    [AgentBrain] Memory before update: {}

      at AgentBrain.run (src/agent/AgentBrain.ts:78:13)

  console.log
    [AgentBrain] Memory before update: {}

      at AgentBrain.run (src/agent/AgentBrain.ts:78:13)

  console.log
    [AgentBrain] Memory before update: {}

      at AgentBrain.run (src/agent/AgentBrain.ts:78:13)

  console.log
    [AgentBrain] Memory reset. Previous memory: {}

      at AgentBrain.resetMemory (src/agent/AgentBrain.ts:33:13)

  console.log
    [AgentBrain] Memory after update: {
      lastIntent: 'preview_update',
      lastBranchId: 'kempen',
      lastPreviewPayload: {
        branchId: 'kempen',
        hours: [
          [Object], [Object],
          [Object], [Object],
          [Object], [Object],
          [Object]
        ]
      },
      lastPreviewInstruction: {
        branchId: 'kempen',
        updateDays: [ 'saturday', 'sunday' ],
        explicitBranch: true,
        explicitDays: true,
        explicitHours: true,
        open: '12:00',
        close: '22:00',
        closed: false
      },
      lastChangedDays: [ 'saturday', 'sunday' ]
    }

      at AgentBrain.run (src/agent/AgentBrain.ts:131:13)

  console.log
    [AgentBrain] Memory before update: {
      lastIntent: 'preview_update',
      lastBranchId: 'kempen',
      lastPreviewPayload: {
        branchId: 'kempen',
        hours: [
          [Object], [Object],
          [Object], [Object],
          [Object], [Object],
          [Object]
        ]
      },
      lastPreviewInstruction: {
        branchId: 'kempen',
        updateDays: [ 'saturday', 'sunday' ],
        explicitBranch: true,
        explicitDays: true,
        explicitHours: true,
        open: '12:00',
        close: '22:00',
        closed: false
      },
      lastChangedDays: [ 'saturday', 'sunday' ]
    }

      at AgentBrain.run (src/agent/AgentBrain.ts:78:13)

  console.log
    [AgentBrain] Memory reset. Previous memory: {
      lastIntent: 'preview_update',
      lastBranchId: 'kempen',
      lastPreviewPayload: {
        branchId: 'kempen',
        hours: [
          [Object], [Object],
          [Object], [Object],
          [Object], [Object],
          [Object]
        ]
      },
      lastPreviewInstruction: {
        branchId: 'kempen',
        updateDays: [ 'saturday', 'sunday' ],
        explicitBranch: true,
        explicitDays: true,
        explicitHours: true,
        open: '12:00',
        close: '22:00',
        closed: false
      },
      lastChangedDays: [ 'saturday', 'sunday' ]
    }

      at AgentBrain.resetMemory (src/agent/AgentBrain.ts:33:13)

  console.log
    [AgentBrain] Memory before update: {}

      at AgentBrain.run (src/agent/AgentBrain.ts:78:13)

  console.log
    [AgentBrain] Memory before update: {}

      at AgentBrain.run (src/agent/AgentBrain.ts:78:13)

  console.log
    [AgentBrain] Memory reset. Previous memory: {}

      at AgentBrain.resetMemory (src/agent/AgentBrain.ts:33:13)

  console.log
    [AgentBrain] Memory before update: {}

      at AgentBrain.run (src/agent/AgentBrain.ts:78:13)

  console.log
    [AgentBrain] Memory reset. Previous memory: {}

      at AgentBrain.resetMemory (src/agent/AgentBrain.ts:33:13)

  console.log
    [AgentBrain] Memory before update: {}

      at AgentBrain.run (src/agent/AgentBrain.ts:78:13)

  console.log
    [AgentBrain] Memory reset. Previous memory: {}

      at AgentBrain.resetMemory (src/agent/AgentBrain.ts:33:13)

  console.log
    [AgentBrain] Memory after update: {
      lastIntent: 'preview_update',
      lastBranchId: 'kempen',
      lastPreviewPayload: {
        branchId: 'kempen',
        hours: [
          [Object], [Object],
          [Object], [Object],
          [Object], [Object],
          [Object]
        ]
      },
      lastPreviewInstruction: {
        branchId: 'kempen',
        updateDays: [ 'saturday', 'sunday' ],
        explicitBranch: true,
        explicitDays: true,
        explicitHours: true,
        open: '12:00',
        close: '22:00',
        closed: false
      },
      lastChangedDays: [ 'saturday', 'sunday' ]
    }

      at AgentBrain.run (src/agent/AgentBrain.ts:131:13)

  console.log
    [AgentBrain] Memory before update: {
      lastIntent: 'preview_update',
      lastBranchId: 'kempen',
      lastPreviewPayload: {
        branchId: 'kempen',
        hours: [
          [Object], [Object],
          [Object], [Object],
          [Object], [Object],
          [Object]
        ]
      },
      lastPreviewInstruction: {
        branchId: 'kempen',
        updateDays: [ 'saturday', 'sunday' ],
        explicitBranch: true,
        explicitDays: true,
        explicitHours: true,
        open: '12:00',
        close: '22:00',
        closed: false
      },
      lastChangedDays: [ 'saturday', 'sunday' ]
    }

      at AgentBrain.run (src/agent/AgentBrain.ts:78:13)

  console.log
    [AgentBrain] Memory after update: {
      lastIntent: 'preview_update',
      lastBranchId: 'kempen',
      lastPreviewPayload: {
        branchId: 'kempen',
        hours: [
          [Object], [Object],
          [Object], [Object],
          [Object], [Object],
          [Object]
        ]
      },
      lastPreviewInstruction: {
        branchId: 'kempen',
        updateDays: [ 'saturday', 'sunday' ],
        explicitBranch: true,
        explicitDays: true,
        explicitHours: true,
        open: '12:00',
        close: '22:00',
        closed: false
      },
      lastChangedDays: [
        'monday',
        'tuesday',
        'wednesday',
(node:32496) ExperimentalWarning: VM Modules is an experimental feature and 
might change at any time
(Use `node --trace-warnings ...` to show where the warning was created)
FAIL src/agent/tests/memory.test.ts
  Conversation memory stability
    ÔêÜ lastBranchId and lastPreviewPayload persist after preview (26 ms)
    ÔêÜ lastConfirmedSchedule persists after confirmation (5 ms)
    ÔêÜ Flow A ÔÇö branch memory copies Kempen schedule to Straelen (7 ms)
    ├ù Flow B ÔÇö preview memory revises a previous preview (3 ms)
    ├ù Flow C ÔÇö day-group memory applies previous preview to weekdays (2 ms)
    ├ù Flow D ÔÇö cancel clears memory and prevents revision (2 ms)
    ÔêÜ Flow E ÔÇö explicit branch override resets branch memory (4 ms)
    ÔêÜ Missing branch triggers soft clarification (4 ms)
    ÔêÜ Missing hours triggers soft clarification (3 ms)
    ÔêÜ Missing days triggers soft clarification (2 ms)
    ÔêÜ Ambiguous followups use previous preview context (2 ms)
    ÔêÜ Invalid memory state returns soft clarification instead of crashing (1 
ms)
    ├ù Natural language expansion applies previous preview when memory is 
available (1 ms)

  ÔùÅ Conversation memory stability ÔÇ║ Flow B ÔÇö preview memory revises a 
previous preview

    expect(received).toBe(expected) // Object.is equality

    Expected: "preview_update"
    Received: "update_opening_hours"

    [0m [90m 143 |[39m     [36mconst[39m step1 [33m=[39m 
[36mawait[39m chatStep(brain[33m,[39m [32m"Set weekends to 
12-22"[39m[33m,[39m pending)[33m;[39m
     [90m 144 |[39m     pending [33m=[39m 
step1[33m.[39mnextPending[33m;[39m
    [31m[1m>[22m[39m[90m 145 |[39m     expect(step1[33m.[39mresult[33m
.[39mintent)[33m.[39mtoBe([32m"preview_update"[39m)[33m;[39m
     [90m     |[39m                                 [31m[1m^[22m[39m
     [90m 146 |[39m
     [90m 147 |[39m     [36mconst[39m step2 [33m=[39m [36mawait[39m 
chatStep(brain[33m,[39m [32m"Shift it one hour earlier"[39m[33m,[39m 
pending)[33m;[39m
     [90m 148 |[39m     expect(step2[33m.[39mresult[33m.[39mintent)[33m.
[39mtoBe([32m"preview_update"[39m)[33m;[39m[0m

      at Object.<anonymous> (src/agent/tests/memory.test.ts:145:33)

  ÔùÅ Conversation memory stability ÔÇ║ Flow C ÔÇö day-group memory applies 
previous preview to weekdays

    expect(received).toBe(expected) // Object.is equality

    Expected: "preview_update"
    Received: "update_opening_hours"

    [0m [90m 157 |[39m     [36mconst[39m step1 [33m=[39m 
[36mawait[39m chatStep(brain[33m,[39m [32m"Close on 
Sundays"[39m[33m,[39m pending)[33m;[39m
     [90m 158 |[39m     pending [33m=[39m 
step1[33m.[39mnextPending[33m;[39m
    [31m[1m>[22m[39m[90m 159 |[39m     expect(step1[33m.[39mresult[33m
.[39mintent)[33m.[39mtoBe([32m"preview_update"[39m)[33m;[39m
     [90m     |[39m                                 [31m[1m^[22m[39m
     [90m 160 |[39m
     [90m 161 |[39m     [36mconst[39m step2 [33m=[39m [36mawait[39m 
chatStep(brain[33m,[39m [32m"Apply that to weekdays too"[39m[33m,[39m 
pending)[33m;[39m
     [90m 162 |[39m     expect(step2[33m.[39mresult[33m.[39mintent)[33m.
[39mtoBe([32m"preview_update"[39m)[33m;[39m[0m

      at Object.<anonymous> (src/agent/tests/memory.test.ts:159:33)

  ÔùÅ Conversation memory stability ÔÇ║ Flow D ÔÇö cancel clears memory and 
prevents revision

    expect(received).toBe(expected) // Object.is equality

    Expected: "preview_update"
    Received: "update_opening_hours"

    [0m [90m 169 |[39m     [36mconst[39m step1 [33m=[39m 
[36mawait[39m chatStep(brain[33m,[39m [32m"Set weekends to 
12-22"[39m[33m,[39m pending)[33m;[39m
     [90m 170 |[39m     pending [33m=[39m 
step1[33m.[39mnextPending[33m;[39m
    [31m[1m>[22m[39m[90m 171 |[39m     expect(step1[33m.[39mresult[33m
.[39mintent)[33m.[39mtoBe([32m"preview_update"[39m)[33m;[39m
     [90m     |[39m                                 [31m[1m^[22m[39m
     [90m 172 |[39m
     [90m 173 |[39m     [36mconst[39m step2 [33m=[39m [36mawait[39m 
chatStep(brain[33m,[39m [32m"Cancel"[39m[33m,[39m pending)[33m;[39m
     [90m 174 |[39m     expect(step2[33m.[39mresult[33m.[39mintent)[33m.
[39mtoBe([32m"cancel_update"[39m)[33m;[39m[0m

      at Object.<anonymous> (src/agent/tests/memory.test.ts:171:33)

  ÔùÅ Conversation memory stability ÔÇ║ Natural language expansion applies 
previous preview when memory is available

    expect(received).toBe(expected) // Object.is equality

    Expected: "preview_update"
    Received: "update_opening_hours"

    [0m [90m 239 |[39m     [36mconst[39m step1 [33m=[39m 
[36mawait[39m chatStep(brain[33m,[39m [32m"Close on 
Sundays"[39m[33m,[39m pending)[33m;[39m
     [90m 240 |[39m     pending [33m=[39m 
step1[33m.[39mnextPending[33m;[39m
    [31m[1m>[22m[39m[90m 241 |[39m     expect(step1[33m.[39mresult[33m
.[39mintent)[33m.[39mtoBe([32m"preview_update"[39m)[33m;[39m
     [90m     |[39m                                 [31m[1m^[22m[39m
     [90m 242 |[39m
     [90m 243 |[39m     [36mconst[39m step2 [33m=[39m [36mawait[39m 
chatStep(brain[33m,[39m [32m"copy yesterday"[39m[33m,[39m 
pending)[33m;[39m
     [90m 244 |[39m     expect(step2[33m.[39mresult[33m.[39mintent)[33m.
[39mtoBe([32m"preview_update"[39m)[33m;[39m[0m

      at Object.<anonymous> (src/agent/tests/memory.test.ts:241:33)

        'thursday',
        'friday',
        'saturday',
        'sunday'
      ]
    }

      at AgentBrain.run (src/agent/AgentBrain.ts:131:13)

  console.log
    [AgentBrain] Memory before update: {}

      at AgentBrain.run (src/agent/AgentBrain.ts:78:13)

  console.log
    [AgentBrain] Memory before update: {}

      at AgentBrain.run (src/agent/AgentBrain.ts:78:13)

Test Suites: 1 failed, 1 total
Tests:       4 failed, 9 passed, 13 total
Snapshots:   0 total
Time:        0.84 s, estimated 1 s
Ran all test suites matching src/agent/tests/memory.test.ts.
