src/controllers/terminal/terminal.controller.ts(42,76): error TS2551: Property 'branch_id' does not exist on type '{ terminal_token: string; id: string; branchId: string; createdAt: Date; name: string; activation_token: string; isOnline: boolean; lastSeen: Date; }'. Did you mean 'branchId'?
src/controllers/terminal/terminal.controller.ts(66,29): error TS2551: Property 'branch_id' does not exist on type '{ id: string; branchId: string; createdAt: Date; name: string; activation_token: string; isOnline: boolean; lastSeen: Date; }'. Did you mean 'branchId'?
src/controllers/terminal/terminal.controller.ts(67,34): error TS2339: Property 'terminal_token' does not exist on type '{ id: string; branchId: string; createdAt: Date; name: string; activation_token: string; isOnline: boolean; lastSeen: Date; }'.
src/controllers/terminal/terminal.controller.ts(81,70): error TS2345: Argument of type 'string' is not assignable to parameter of type 'number'.
src/controllers/terminal/terminal.controller.ts(95,51): error TS2345: Argument of type 'string' is not assignable to parameter of type 'number'.
src/controllers/terminal/terminal.controller.ts(109,65): error TS2345: Argument of type 'string' is not assignable to parameter of type 'number'.
src/controllers/terminal/terminal.controller.ts(123,65): error TS2345: Argument of type 'string' is not assignable to parameter of type 'number'.
src/controllers/terminal/terminal.controller.ts(136,45): error TS2345: Argument of type 'string' is not assignable to parameter of type 'number'.
src/events/terminalEvents.ts(18,40): error TS2551: Property 'branch_id' does not exist on type '{ id: string; branchId: string; createdAt: Date; name: string; activation_token: string; isOnline: boolean; lastSeen: Date; }'. Did you mean 'branchId'?
src/events/terminalEvents.ts(20,38): error TS2551: Property 'branch_id' does not exist on type '{ id: string; branchId: string; createdAt: Date; name: string; activation_token: string; isOnline: boolean; lastSeen: Date; }'. Did you mean 'branchId'?
src/events/terminalEvents.ts(24,38): error TS2835: Relative import paths need explicit file extensions in ECMAScript imports when '--moduleResolution' is 'node16' or 'nodenext'. Did you mean '../lib/socket.js'?
src/middleware/terminalAuth.ts(22,27): error TS2551: Property 'branch_id' does not exist on type '{ id: string; branchId: string; createdAt: Date; name: string; activation_token: string; isOnline: boolean; lastSeen: Date; }'. Did you mean 'branchId'?
src/routes/categories.routes.ts(11,75): error TS2339: Property 'delete' does not exist on type 'typeof CategoryController'.
src/routes/menu.routes.ts(24,77): error TS2339: Property 'createAddOnGroup' does not exist on type '{ createCategory: (req: Request<ParamsDictionary, any, any, ParsedQs, Record<string, any>>, res: Response<any, Record<string, any>>, next: NextFunction) => Promise<...>; ... 10 more ...; listMenu: (req: Request<...>, res: Response<...>, next: NextFunction) => Promise<...>; }'.
src/routes/menu.routes.ts(25,80): error TS2339: Property 'updateAddOnGroup' does not exist on type '{ createCategory: (req: Request<ParamsDictionary, any, any, ParsedQs, Record<string, any>>, res: Response<any, Record<string, any>>, next: NextFunction) => Promise<...>; ... 10 more ...; listMenu: (req: Request<...>, res: Response<...>, next: NextFunction) => Promise<...>; }'.
src/routes/menu.routes.ts(26,83): error TS2339: Property 'deleteAddOnGroup' does not exist on type '{ createCategory: (req: Request<ParamsDictionary, any, any, ParsedQs, Record<string, any>>, res: Response<any, Record<string, any>>, next: NextFunction) => Promise<...>; ... 10 more ...; listMenu: (req: Request<...>, res: Response<...>, next: NextFunction) => Promise<...>; }'.
src/routes/menu.routes.ts(28,71): error TS2339: Property 'createAddOn' does not exist on type '{ createCategory: (req: Request<ParamsDictionary, any, any, ParsedQs, Record<string, any>>, res: Response<any, Record<string, any>>, next: NextFunction) => Promise<...>; ... 10 more ...; listMenu: (req: Request<...>, res: Response<...>, next: NextFunction) => Promise<...>; }'.
src/routes/menu.routes.ts(29,74): error TS2339: Property 'updateAddOn' does not exist on type '{ createCategory: (req: Request<ParamsDictionary, any, any, ParsedQs, Record<string, any>>, res: Response<any, Record<string, any>>, next: NextFunction) => Promise<...>; ... 10 more ...; listMenu: (req: Request<...>, res: Response<...>, next: NextFunction) => Promise<...>; }'.
src/routes/menu.routes.ts(30,77): error TS2339: Property 'deleteAddOn' does not exist on type '{ createCategory: (req: Request<ParamsDictionary, any, any, ParsedQs, Record<string, any>>, res: Response<any, Record<string, any>>, next: NextFunction) => Promise<...>; ... 10 more ...; listMenu: (req: Request<...>, res: Response<...>, next: NextFunction) => Promise<...>; }'.
src/routes/menu.routes.ts(35,54): error TS2551: Property 'setAddOnAvailability' does not exist on type '{ createCategory: (req: Request<ParamsDictionary, any, any, ParsedQs, Record<string, any>>, res: Response<any, Record<string, any>>, next: NextFunction) => Promise<...>; ... 10 more ...; listMenu: (req: Request<...>, res: Response<...>, next: NextFunction) => Promise<...>; }'. Did you mean 'setVariantAvailability'?
src/routes/webhooks.routes.ts(2,20): error TS2307: Cannot find module 'stripe' or its corresponding type declarations.
src/services/admin/deal.service.ts(6,18): error TS2353: Object literal may only specify known properties, and 'sort_order' does not exist in type 'DealOrderByWithRelationInput | DealOrderByWithRelationInput[]'.
src/services/admin/deal.service.ts(17,16): error TS2353: Object literal may only specify known properties, and 'deal_id' does not exist in type 'DealWhereUniqueInput'.
src/services/admin/deal.service.ts(32,16): error TS2353: Object literal may only specify known properties, and 'deal_id' does not exist in type 'DealWhereUniqueInput'.
src/services/admin/deal.service.ts(39,16): error TS2353: Object literal may only specify known properties, and 'deal_id' does not exist in type 'DealWhereUniqueInput'.
src/services/admin/deal.service.ts(45,19): error TS2339: Property 'dealItem' does not exist on type 'PrismaClient<PrismaClientOptions, never, DefaultArgs>'.
src/services/admin/deal.service.ts(55,19): error TS2339: Property 'dealItem' does not exist on type 'PrismaClient<PrismaClientOptions, never, DefaultArgs>'.
src/services/admin/extra.service.ts(6,18): error TS2353: Object literal may only specify known properties, and 'sort_order' does not exist in type 'ExtraOrderByWithRelationInput | ExtraOrderByWithRelationInput[]'.
src/services/admin/extra.service.ts(12,16): error TS2353: Object literal may only specify known properties, and 'extra_id' does not exist in type 'ExtraWhereUniqueInput'.
src/services/admin/extra.service.ts(22,16): error TS2353: Object literal may only specify known properties, and 'extra_id' does not exist in type 'ExtraWhereUniqueInput'.
src/services/admin/extra.service.ts(29,16): error TS2353: Object literal may only specify known properties, and 'extra_id' does not exist in type 'ExtraWhereUniqueInput'.
src/services/admin/item.service.ts(6,18): error TS2353: Object literal may only specify known properties, and 'sort_order' does not exist in type 'MenuItemOrderByWithRelationInput | MenuItemOrderByWithRelationInput[]'.
src/services/admin/item.service.ts(10,13): error TS2353: Object literal may only specify known properties, and 'variants' does not exist in type 'RelationInclude<DefaultArgs>'.
src/services/admin/item.service.ts(21,16): error TS2353: Object literal may only specify known properties, and 'item_id' does not exist in type 'MenuItemWhereUniqueInput'.
src/services/admin/item.service.ts(25,13): error TS2353: Object literal may only specify known properties, and 'variants' does not exist in type 'RelationInclude<DefaultArgs>'.
src/services/admin/item.service.ts(40,16): error TS2353: Object literal may only specify known properties, and 'item_id' does not exist in type 'MenuItemWhereUniqueInput'.
src/services/admin/item.service.ts(47,16): error TS2353: Object literal may only specify known properties, and 'item_id' does not exist in type 'MenuItemWhereUniqueInput'.
src/services/admin/orderMonitor.service.ts(9,9): error TS2561: Object literal may only specify known properties, but 'terminalId' does not exist in type 'OrderSelect<DefaultArgs>'. Did you mean to write 'terminal_id'?
src/services/admin/orderMonitor.service.ts(19,26): error TS2551: Property 'terminalId' does not exist on type '{ id: string; branchId: string; createdAt: Date; updatedAt: Date; customerId: string; isGuest: boolean; paymentMethod: string; paymentStatus: string; paymentIntentId: string; paypalOrderId: string; ... 7 more ...; terminal_id: string; }'. Did you mean 'terminal_id'?
src/services/admin/relation.service.ts(7,16): error TS2353: Object literal may only specify known properties, and 'item_id' does not exist in type 'MenuItemWhereUniqueInput'.
src/services/admin/relation.service.ts(11,13): error TS2353: Object literal may only specify known properties, and 'variants' does not exist in type 'RelationInclude<DefaultArgs>'.
src/services/admin/relation.service.ts(22,19): error TS2339: Property 'relationVariant' does not exist on type 'PrismaClient<PrismaClientOptions, never, DefaultArgs>'.
src/services/admin/relation.service.ts(32,19): error TS2339: Property 'relationTopping' does not exist on type 'PrismaClient<PrismaClientOptions, never, DefaultArgs>'.
src/services/admin/relation.service.ts(42,19): error TS2339: Property 'relationExtra' does not exist on type 'PrismaClient<PrismaClientOptions, never, DefaultArgs>'.
src/services/admin/relation.service.ts(52,19): error TS2339: Property 'relationVariant' does not exist on type 'PrismaClient<PrismaClientOptions, never, DefaultArgs>'.
src/services/admin/relation.service.ts(59,19): error TS2339: Property 'relationTopping' does not exist on type 'PrismaClient<PrismaClientOptions, never, DefaultArgs>'.
src/services/admin/relation.service.ts(66,19): error TS2339: Property 'relationExtra' does not exist on type 'PrismaClient<PrismaClientOptions, never, DefaultArgs>'.
src/services/admin/terminalAdmin.service.ts(9,9): error TS2561: Object literal may only specify known properties, but 'branch_id' does not exist in type 'TerminalSelect<DefaultArgs>'. Did you mean to write 'branchId'?
src/services/admin/terminalAdmin.service.ts(30,9): error TS2561: Object literal may only specify known properties, but 'branch_id' does not exist in type 'TerminalSelect<DefaultArgs>'. Did you mean to write 'branchId'?
src/services/admin/terminalAdmin.service.ts(49,27): error TS2551: Property 'branch_id' does not exist on type '{ id: string; branchId: string; createdAt: Date; name: string; activation_token: string; isOnline: boolean; lastSeen: Date; }'. Did you mean 'branchId'?
src/services/admin/terminalAdmin.service.ts(52,31): error TS2339: Property 'orders' does not exist on type '{ id: string; branchId: string; createdAt: Date; name: string; activation_token: string; isOnline: boolean; lastSeen: Date; }'.
src/services/admin/terminalStatus.service.ts(8,9): error TS2353: Object literal may only specify known properties, and 'status' does not exist in type 'TerminalSelect<DefaultArgs>'.
src/services/admin/terminalStatus.service.ts(15,54): error TS2339: Property 'status' does not exist on type '{ id: string; branchId: string; createdAt: Date; name: string; activation_token: string; isOnline: boolean; lastSeen: Date; }'.
src/services/admin/topping.service.ts(6,18): error TS2353: Object literal may only specify known properties, and 'sort_order' does not exist in type 'ToppingOrderByWithRelationInput | ToppingOrderByWithRelationInput[]'.
src/services/admin/topping.service.ts(12,16): error TS2353: Object literal may only specify known properties, and 'topping_id' does not exist in type 'ToppingWhereUniqueInput'.
src/services/admin/topping.service.ts(22,16): error TS2353: Object literal may only specify known properties, and 'topping_id' does not exist in type 'ToppingWhereUniqueInput'.
src/services/admin/topping.service.ts(29,16): error TS2353: Object literal may only specify known properties, and 'topping_id' does not exist in type 'ToppingWhereUniqueInput'.
src/services/admin/variant.service.ts(6,18): error TS2353: Object literal may only specify known properties, and 'sort_order' does not exist in type 'VariantOrderByWithRelationInput | VariantOrderByWithRelationInput[]'.
src/services/admin/variant.service.ts(12,16): error TS2353: Object literal may only specify known properties, and 'variant_id' does not exist in type 'VariantWhereUniqueInput'.
src/services/admin/variant.service.ts(22,16): error TS2353: Object literal may only specify known properties, and 'variant_id' does not exist in type 'VariantWhereUniqueInput'.
src/services/admin/variant.service.ts(29,16): error TS2353: Object literal may only specify known properties, and 'variant_id' does not exist in type 'VariantWhereUniqueInput'.
src/services/cart.service.ts(2,36): error TS2307: Cannot find module './deliveryFee.service' or its corresponding type declarations.
src/services/cart.service.ts(3,32): error TS2307: Cannot find module './loyalty.service' or its corresponding type declarations.
src/services/cart/cart.service.ts(9,18): error TS2353: Object literal may only specify known properties, and 'cart_id' does not exist in type 'CartWhereUniqueInput'.
src/services/cart/cart.service.ts(16,15): error TS2353: Object literal may only specify known properties, and 'cart_id' does not exist in type '(Without<CartCreateInput, CartUncheckedCreateInput> & CartUncheckedCreateInput) | (Without<...> & CartCreateInput)'.
src/services/cart/cart.service.ts(23,16): error TS2353: Object literal may only specify known properties, and 'cart_id' does not exist in type 'CartWhereUniqueInput'.
src/services/cart/cart.service.ts(28,13): error TS2353: Object literal may only specify known properties, and 'variant' does not exist in type 'CartItemInclude<DefaultArgs>'.
src/services/cart/cart.service.ts(41,9): error TS2561: Object literal may only specify known properties, but 'cart_id' does not exist in type '(Without<CartItemCreateInput, CartItemUncheckedCreateInput> & CartItemUncheckedCreateInput) | (Without<...> & CartItemCreateInput)'. Did you mean to write 'cartId'?
src/services/cart/cart.service.ts(50,19): error TS2339: Property 'cartItemVariant' does not exist on type 'PrismaClient<PrismaClientOptions, never, DefaultArgs>'.
src/services/cart/cart.service.ts(60,19): error TS2339: Property 'cartItemTopping' does not exist on type 'PrismaClient<PrismaClientOptions, never, DefaultArgs>'.
src/services/cart/cart.service.ts(70,19): error TS2339: Property 'cartItemExtra' does not exist on type 'PrismaClient<PrismaClientOptions, never, DefaultArgs>'.
src/services/cart/cart.service.ts(81,16): error TS2322: Type 'number' is not assignable to type 'string'.
src/services/cart/cart.service.ts(89,16): error TS2322: Type 'number' is not assignable to type 'string'.
src/services/cart/pricing.service.ts(10,16): error TS2353: Object literal may only specify known properties, and 'item_id' does not exist in type 'MenuItemWhereUniqueInput'.
src/services/cart/pricing.service.ts(15,19): error TS2339: Property 'manual_number' does not exist on type '{ id: string; name: string; description: string; price: number; tags: string[]; stock: number; lowStockThreshold: number; autoDisable: boolean; categoryId: string; }'.
src/services/cart/pricing.service.ts(20,18): error TS2353: Object literal may only specify known properties, and 'variant_id' does not exist in type 'VariantWhereUniqueInput'.
src/services/cart/pricing.service.ts(24,26): error TS2339: Property 'sort_order' does not exist on type '{ id: string; name: string; price: number; visible: boolean; }'.
src/services/cart/pricing.service.ts(31,18): error TS2353: Object literal may only specify known properties, and 'topping_id' does not exist in type 'ToppingWhereUniqueInput'.
src/services/cart/pricing.service.ts(35,20): error TS2339: Property 'sort_order' does not exist on type '{ id: string; name: string; price: number; visible: boolean; }'.
src/services/cart/pricing.service.ts(42,18): error TS2353: Object literal may only specify known properties, and 'extra_id' does not exist in type 'ExtraWhereUniqueInput'.
src/services/cart/pricing.service.ts(46,20): error TS2339: Property 'sort_order' does not exist on type '{ id: string; name: string; price: number; visible: boolean; }'.
src/services/courierTracking.service.ts(53,18): error TS2353: Object literal may only specify known properties, and 'courier' does not exist in type 'OrderInclude<DefaultArgs>'.
src/services/courierTracking.service.ts(58,35): error TS2339: Property 'courierId' does not exist on type '{ id: string; branchId: string; createdAt: Date; updatedAt: Date; customerId: string; isGuest: boolean; paymentMethod: string; paymentStatus: string; paymentIntentId: string; paypalOrderId: string; ... 7 more ...; terminal_id: string; }'.
src/services/courierTracking.service.ts(60,37): error TS2339: Property 'courierId' does not exist on type '{ id: string; branchId: string; createdAt: Date; updatedAt: Date; customerId: string; isGuest: boolean; paymentMethod: string; paymentStatus: string; paymentIntentId: string; paypalOrderId: string; ... 7 more ...; terminal_id: string; }'.
src/services/dashboard.service.ts(54,5): error TS2741: Property '_sum' is missing in type 'GetOrderAggregateType<{ where: { paymentStatus: string; }; _sum: { total: boolean; }; }>' but required in type 'RevenueData'.
src/services/dashboard.service.ts(56,7): error TS2322: Type '{ total: true; }' is not assignable to type 'never'.
src/services/dashboard.service.ts(62,5): error TS2741: Property '_sum' is missing in type 'GetOrderAggregateType<{ where: { branchId: string; paymentStatus: string; }; _sum: { total: boolean; }; }>' but required in type 'RevenueData'.
src/services/dashboard.service.ts(64,7): error TS2322: Type '{ total: true; }' is not assignable to type 'never'.
src/services/dashboard.service.ts(80,37): error TS2345: Argument of type '{ by: "itemId"[]; _sum: { quantity: true; }; orderBy: { _sum: { quantity: "desc"; }; }; where: { order: { branchId: string; }; } | {}; }' is not assignable to parameter of type '{ by: "itemId"[]; _sum: { quantity: true; }; orderBy: { _sum: { quantity: "desc"; }; }; where: { order: { branchId: string; }; } | {}; } & { orderBy?: OrderItemOrderByWithAggregationInput | OrderItemOrderByWithAggregationInput[]; } & MenuPerformanceData[]'.
  Type '{ by: "itemId"[]; _sum: { quantity: true; }; orderBy: { _sum: { quantity: "desc"; }; }; where: { order: { branchId: string; }; } | {}; }' is missing the following properties from type 'MenuPerformanceData[]': length, pop, push, concat, and 29 more.
src/services/dashboard.service.ts(90,12): error TS2615: Type of property 'AND' circularly references itself in mapped type '{ [K in keyof { AND?: OrderScalarWhereWithAggregatesInput | OrderScalarWhereWithAggregatesInput[]; OR?: OrderScalarWhereWithAggregatesInput[]; ... 18 more ...; updatedAt?: string | ... 1 more ... | DateTimeWithAggregatesFilter<...>; }]: Or<...> extends 1 ? { ...; }[K] extends infer TK ? GetHavingFields<...> : never ...'.
src/services/dashboard.service.ts(90,12): error TS2615: Type of property 'NOT' circularly references itself in mapped type '{ [K in keyof { AND?: OrderScalarWhereWithAggregatesInput | OrderScalarWhereWithAggregatesInput[]; OR?: OrderScalarWhereWithAggregatesInput[]; ... 18 more ...; updatedAt?: string | ... 1 more ... | DateTimeWithAggregatesFilter<...>; }]: Or<...> extends 1 ? { ...; }[K] extends infer TK ? GetHavingFields<...> : never ...'.
src/services/dashboard.service.ts(90,12): error TS2615: Type of property 'OR' circularly references itself in mapped type '{ [K in keyof { AND?: OrderScalarWhereWithAggregatesInput | OrderScalarWhereWithAggregatesInput[]; OR?: OrderScalarWhereWithAggregatesInput[]; ... 18 more ...; updatedAt?: string | ... 1 more ... | DateTimeWithAggregatesFilter<...>; }]: Or<...> extends 1 ? { ...; }[K] extends infer TK ? GetHavingFields<...> : never ...'.
src/services/dashboard.service.ts(91,7): error TS2322: Type '"courierId"[]' is not assignable to type 'OrderScalarFieldEnum | OrderScalarFieldEnum[]'.
  Type '"courierId"[]' is not assignable to type 'OrderScalarFieldEnum[]'.
    Type '"courierId"' is not assignable to type 'OrderScalarFieldEnum'.
src/services/dashboard.service.ts(99,37): error TS2345: Argument of type '{ by: "query"[]; _count: { query: true; }; orderBy: { _count: { query: "desc"; }; }; take: number; }' is not assignable to parameter of type '{ by: "query"[]; _count: { query: true; }; orderBy: { _count: { query: "desc"; }; }; take: number; } & { orderBy: SearchLogOrderByWithAggregationInput | SearchLogOrderByWithAggregationInput[]; } & SearchAnalyticsData[]'.
  Type '{ by: "query"[]; _count: { query: true; }; orderBy: { _count: { query: "desc"; }; }; take: number; }' is missing the following properties from type 'SearchAnalyticsData[]': length, pop, push, concat, and 29 more.
src/services/decisionEngine.service.ts(95,17): error TS2304: Cannot find name 'dynamicPricingService'.
src/services/decisionEngine.service.ts(113,28): error TS2304: Cannot find name 'forecastingService'.
src/services/decisionEngine.service.ts(133,24): error TS2304: Cannot find name 'staffingPrepService'.
src/services/decisionEngine.service.ts(170,27): error TS2304: Cannot find name 'ltvChurnService'.
src/services/dynamicPricing.service.ts(7,24): error TS2353: Object literal may only specify known properties, and 'createdAt' does not exist in type 'OrderItemWhereInput'.
src/services/dynamicPricing.service.ts(66,61): error TS2353: Object literal may only specify known properties, and 'branchId' does not exist in type 'MenuItemWhereInput'.
src/services/forecasting.service.ts(63,16): error TS2353: Object literal may only specify known properties, and 'branchId' does not exist in type 'MenuItemWhereInput'.
src/services/forecasting.service.ts(68,29): error TS2339: Property 'orderItems' does not exist on type '{ id: string; name: string; description: string; price: number; tags: string[]; stock: number; lowStockThreshold: number; autoDisable: boolean; categoryId: string; }'.
src/services/forecasting.service.ts(81,16): error TS2353: Object literal may only specify known properties, and 'branchId' does not exist in type 'MenuItemWhereInput'.
src/services/forecasting.service.ts(88,31): error TS2339: Property 'orderItems' does not exist on type '{ id: string; name: string; description: string; price: number; tags: string[]; stock: number; lowStockThreshold: number; autoDisable: boolean; categoryId: string; }'.
src/services/fraud.service.ts(16,15): error TS2339: Property 'total' does not exist on type '{ customer: { email: string; id: string; name: string; phone: string; }; } & { id: string; branchId: string; createdAt: Date; updatedAt: Date; customerId: string; isGuest: boolean; paymentMethod: string; ... 10 more ...; terminal_id: string; }'.
src/services/fraud.service.ts(51,9): error TS2353: Object literal may only specify known properties, and 'promoCode' does not exist in type 'OrderWhereInput'.
src/services/fraud.service.ts(61,15): error TS2339: Property 'loyaltyPointsUsed' does not exist on type '{ customer: { email: string; id: string; name: string; phone: string; }; } & { id: string; branchId: string; createdAt: Date; updatedAt: Date; customerId: string; isGuest: boolean; paymentMethod: string; ... 10 more ...; terminal_id: string; }'.
src/services/loyalty.service.ts(22,11): error TS2304: Cannot find name 'notificationsService'.
src/services/managerDashboard.service.ts(22,15): error TS2353: Object literal may only specify known properties, and 'available' does not exist in type '(Without<MenuItemUpdateManyMutationInput, MenuItemUncheckedUpdateManyInput> & MenuItemUncheckedUpdateManyInput) | (Without<...> & MenuItemUpdateManyMutationInput)'.
src/services/managerDashboard.service.ts(36,9): error TS2353: Object literal may only specify known properties, and 'courier' does not exist in type 'OrderInclude<DefaultArgs>'.
src/services/menu.service.ts(82,15): error TS2353: Object literal may only specify known properties, and 'available' does not exist in type '(Without<MenuItemUpdateInput, MenuItemUncheckedUpdateInput> & MenuItemUncheckedUpdateInput) | (Without<...> & MenuItemUpdateInput)'.
src/services/nlae.service.ts(7,39): error TS2307: Cannot find module './decisionEngine.service' or its corresponding type declarations.
src/services/nlae.service.ts(40,28): error TS2304: Cannot find name 'forecastingService'.
src/services/nlae.service.ts(46,25): error TS2304: Cannot find name 'forecastingService'.
src/services/nlae.service.ts(56,28): error TS2304: Cannot find name 'ltvChurnService'.
src/services/nlae.service.ts(64,23): error TS2304: Cannot find name 'menuOptimizationService'.
src/services/nlae.service.ts(70,28): error TS2304: Cannot find name 'knowledgeGraphService'.
src/services/notifications.service.ts(2,29): error TS2307: Cannot find module './push.service' or its corresponding type declarations.
src/services/notifications.service.ts(3,28): error TS2307: Cannot find module './sms.service' or its corresponding type declarations.
src/services/notifications.service.ts(17,38): error TS2339: Property 'deviceToken' does not exist on type '{ email: string; id: string; name: string; phone: string; }'.
src/services/notifications.service.ts(19,18): error TS2339: Property 'deviceToken' does not exist on type '{ email: string; id: string; name: string; phone: string; }'.
src/services/notifications.service.ts(38,38): error TS2339: Property 'deviceToken' does not exist on type '{ email: string; id: string; name: string; phone: string; }'.
src/services/notifications.service.ts(40,18): error TS2339: Property 'deviceToken' does not exist on type '{ email: string; id: string; name: string; phone: string; }'.
src/services/optimizationLoop.service.ts(2,36): error TS2307: Cannot find module './forecasting.service' or its corresponding type declarations.
src/services/optimizationLoop.service.ts(3,33): error TS2307: Cannot find module './ltvChurn.service' or its corresponding type declarations.
src/services/optimizationLoop.service.ts(4,43): error TS2307: Cannot find module './behaviorPrediction.service' or its corresponding type declarations.
src/services/orchestration.service.ts(2,36): error TS2307: Cannot find module './forecasting.service' or its corresponding type declarations.
src/services/orchestration.service.ts(3,39): error TS2307: Cannot find module './dynamicPricing.service' or its corresponding type declarations.
src/services/orchestration.service.ts(4,41): error TS2307: Cannot find module './menuOptimization.service' or its corresponding type declarations.
src/services/orchestration.service.ts(5,37): error TS2307: Cannot find module './staffingPrep.service' or its corresponding type declarations.
src/services/orchestration.service.ts(6,33): error TS2307: Cannot find module './ltvChurn.service' or its corresponding type declarations.
src/services/orchestration.service.ts(7,43): error TS2307: Cannot find module './behaviorPrediction.service' or its corresponding type declarations.
src/services/orchestration.service.ts(8,39): error TS2307: Cannot find module './knowledgeGraph.service' or its corresponding type declarations.
src/services/orchestration.service.ts(9,39): error TS2307: Cannot find module './decisionEngine.service' or its corresponding type declarations.
src/services/orchestration.service.ts(10,41): error TS2307: Cannot find module './optimizationLoop.service' or its corresponding type declarations.
src/services/order/order.service.ts(2,29): error TS2307: Cannot find module '../../socket/order.socket' or its corresponding type declarations.
src/services/order/order.service.ts(90,47): error TS2307: Cannot find module '../../printers/print.service' or its corresponding type declarations.
src/services/payments.service.ts(2,20): error TS2307: Cannot find module 'stripe' or its corresponding type declarations.
src/services/payments.service.ts(4,38): error TS2307: Cannot find module './notifications.service' or its corresponding type declarations.
src/services/print/print.service.ts(10,16): error TS2353: Object literal may only specify known properties, and 'order_id' does not exist in type 'OrderWhereUniqueInput'.
src/services/print/print.service.ts(15,13): error TS2353: Object literal may only specify known properties, and 'variant' does not exist in type 'OrderItemInclude<DefaultArgs>'.
src/services/print/print.service.ts(27,65): error TS2339: Property 'order_id' does not exist on type '{ id: string; branchId: string; createdAt: Date; updatedAt: Date; customerId: string; isGuest: boolean; paymentMethod: string; paymentStatus: string; paymentIntentId: string; paypalOrderId: string; ... 7 more ...; terminal_id: string; }'.
src/services/recommendation.service.ts(29,9): error TS2353: Object literal may only specify known properties, and 'available' does not exist in type 'MenuItemWhereInput'.
src/services/recommendation.service.ts(66,9): error TS2353: Object literal may only specify known properties, and 'available' does not exist in type 'MenuItemWhereInput'.
src/services/recommendation.service.ts(87,9): error TS2353: Object literal may only specify known properties, and 'available' does not exist in type 'MenuItemWhereInput'.
src/services/review.service.ts(60,19): error TS2551: Property 'menuItemRating' does not exist on type 'PrismaClient<PrismaClientOptions, never, DefaultArgs>'. Did you mean 'itemRating'?
src/services/staffingPrep.service.ts(2,36): error TS2307: Cannot find module './forecasting.service' or its corresponding type declarations.
src/services/terminal/terminal.service.ts(11,16): error TS2353: Object literal may only specify known properties, and 'branch_code' does not exist in type 'BranchWhereUniqueInput'.
src/services/terminal/terminal.service.ts(19,7): error TS2561: Object literal may only specify known properties, but 'branch_id' does not exist in type 'JwtPayload'. Did you mean to write 'branchId'?
src/services/terminal/terminal.service.ts(20,27): error TS2339: Property 'branch_code' does not exist on type '{ id: string; name: string; address: string; phone: string; lat: number; lng: number; cuisine: string; active: boolean; }'.
src/services/terminal/terminal.service.ts(57,9): error TS2353: Object literal may only specify known properties, and 'terminal_token' does not exist in type '(Without<TerminalCreateInput, TerminalUncheckedCreateInput> & TerminalUncheckedCreateInput) | (Without<...> & TerminalCreateInput)'.
src/services/terminal/terminal.service.ts(67,9): error TS2561: Object literal may only specify known properties, but 'branch_id' does not exist in type '(Without<TerminalCreateInput, TerminalUncheckedCreateInput> & TerminalUncheckedCreateInput) | (Without<...> & TerminalCreateInput)'. Did you mean to write 'branchId'?
src/services/terminal/terminal.service.ts(79,16): error TS2353: Object literal may only specify known properties, and 'terminal_token' does not exist in type 'TerminalWhereUniqueInput'.
src/services/terminal/terminal.service.ts(94,16): error TS2561: Object literal may only specify known properties, but 'branch_id' does not exist in type 'OrderWhereInput'. Did you mean to write 'branchId'?
src/services/terminal/terminal.service.ts(100,13): error TS2353: Object literal may only specify known properties, and 'variant' does not exist in type 'OrderItemInclude<DefaultArgs>'.
src/services/terminal/terminal.service.ts(118,16): error TS2322: Type 'number' is not assignable to type 'string'.
src/services/terminal/terminal.service.ts(131,60): error TS2353: Object literal may only specify known properties, and 'order_id' does not exist in type 'OrderWhereUniqueInput'.
src/services/terminal/terminal.service.ts(138,16): error TS2353: Object literal may only specify known properties, and 'order_id' does not exist in type 'OrderWhereUniqueInput'.
src/services/terminal/terminal.service.ts(141,9): error TS2322: Type 'number' is not assignable to type 'string | NullableStringFieldUpdateOperationsInput'.
src/services/terminal/terminal.service.ts(147,13): error TS2353: Object literal may only specify known properties, and 'variant' does not exist in type 'OrderItemInclude<DefaultArgs>'.
src/services/terminal/terminal.service.ts(163,16): error TS2322: Type 'number' is not assignable to type 'string'.
src/services/terminal/terminal.service.ts(171,16): error TS2353: Object literal may only specify known properties, and 'order_id' does not exist in type 'OrderWhereUniqueInput'.
src/services/terminal/terminal.service.ts(183,16): error TS2353: Object literal may only specify known properties, and 'order_id' does not exist in type 'OrderWhereUniqueInput'.
src/services/terminal/terminal.service.ts(185,9): error TS2322: Type 'number' is not assignable to type 'string | NullableStringFieldUpdateOperationsInput'.
src/services/terminal/terminal.service.ts(192,13): error TS2353: Object literal may only specify known properties, and 'variant' does not exist in type 'OrderItemInclude<DefaultArgs>'.
src/services/terminal/terminal.service.ts(201,36): error TS2835: Relative import paths need explicit file extensions in ECMAScript imports when '--moduleResolution' is 'node16' or 'nodenext'. Did you mean '../../lib/socket.js'?
src/services/terminal/terminal.service.ts(203,30): error TS2339: Property 'order_id' does not exist on type '{ id: string; branchId: string; createdAt: Date; updatedAt: Date; customerId: string; isGuest: boolean; paymentMethod: string; paymentStatus: string; paymentIntentId: string; paypalOrderId: string; ... 7 more ...; terminal_id: string; }'.
src/services/terminal/terminal.service.ts(206,31): error TS2551: Property 'branch_id' does not exist on type '{ id: string; branchId: string; createdAt: Date; updatedAt: Date; customerId: string; isGuest: boolean; paymentMethod: string; paymentStatus: string; paymentIntentId: string; paypalOrderId: string; ... 7 more ...; terminal_id: string; }'. Did you mean 'branchId'?
src/services/terminal/terminal.service.ts(209,39): error TS2551: Property 'branch_id' does not exist on type '{ id: string; branchId: string; createdAt: Date; updatedAt: Date; customerId: string; isGuest: boolean; paymentMethod: string; paymentStatus: string; paymentIntentId: string; paypalOrderId: string; ... 7 more ...; terminal_id: string; }'. Did you mean 'branchId'?
src/services/terminal/terminal.service.ts(212,43): error TS2307: Cannot find module '../order/order.service' or its corresponding type declarations.
src/services/terminal/terminal.service.ts(223,16): error TS2322: Type 'number' is not assignable to type 'string'.
src/services/terminal/terminal.service.ts(231,16): error TS2353: Object literal may only specify known properties, and 'order_id' does not exist in type 'OrderWhereUniqueInput'.
src/services/terminal/terminal.service.ts(239,16): error TS2353: Object literal may only specify known properties, and 'order_id' does not exist in type 'OrderWhereUniqueInput'.
src/services/terminal/terminal.service.ts(241,9): error TS2322: Type 'number' is not assignable to type 'string | NullableStringFieldUpdateOperationsInput'.
src/services/terminal/terminal.service.ts(248,13): error TS2353: Object literal may only specify known properties, and 'variant' does not exist in type 'OrderItemInclude<DefaultArgs>'.
src/services/terminal/terminal.service.ts(264,16): error TS2353: Object literal may only specify known properties, and 'order_id' does not exist in type 'OrderWhereUniqueInput'.
src/services/terminal/terminal.service.ts(271,9): error TS2367: This comparison appears to be unintentional because the types 'string' and 'number' have no overlap.
src/services/terminal/terminal.service.ts(276,16): error TS2353: Object literal may only specify known properties, and 'order_id' does not exist in type 'OrderWhereUniqueInput'.
src/services/terminal/terminal.service.ts(282,13): error TS2353: Object literal may only specify known properties, and 'variant' does not exist in type 'OrderItemInclude<DefaultArgs>'.
src/services/terminal/terminal.service.ts(291,36): error TS2835: Relative import paths need explicit file extensions in ECMAScript imports when '--moduleResolution' is 'node16' or 'nodenext'. Did you mean '../../lib/socket.js'?
src/services/terminal/terminal.service.ts(293,30): error TS2339: Property 'order_id' does not exist on type '{ id: string; branchId: string; createdAt: Date; updatedAt: Date; customerId: string; isGuest: boolean; paymentMethod: string; paymentStatus: string; paymentIntentId: string; paypalOrderId: string; ... 7 more ...; terminal_id: string; }'.
src/services/terminal/terminal.service.ts(296,31): error TS2551: Property 'branch_id' does not exist on type '{ id: string; branchId: string; createdAt: Date; updatedAt: Date; customerId: string; isGuest: boolean; paymentMethod: string; paymentStatus: string; paymentIntentId: string; paypalOrderId: string; ... 7 more ...; terminal_id: string; }'. Did you mean 'branchId'?
src/services/terminal/terminal.service.ts(299,39): error TS2551: Property 'branch_id' does not exist on type '{ id: string; branchId: string; createdAt: Date; updatedAt: Date; customerId: string; isGuest: boolean; paymentMethod: string; paymentStatus: string; paymentIntentId: string; paypalOrderId: string; ... 7 more ...; terminal_id: string; }'. Did you mean 'branchId'?
src/services/terminal/terminal.service.ts(302,43): error TS2307: Cannot find module '../order/order.service' or its corresponding type declarations.
src/services/terminal/terminal.service.ts(313,16): error TS2353: Object literal may only specify known properties, and 'order_id' does not exist in type 'OrderWhereUniqueInput'.
src/services/terminal/terminal.service.ts(320,9): error TS2367: This comparison appears to be unintentional because the types 'string' and 'number' have no overlap.
src/services/terminal/terminal.service.ts(325,16): error TS2353: Object literal may only specify known properties, and 'order_id' does not exist in type 'OrderWhereUniqueInput'.
src/services/terminal/terminal.service.ts(334,13): error TS2353: Object literal may only specify known properties, and 'variant' does not exist in type 'OrderItemInclude<DefaultArgs>'.
src/services/terminal/terminal.service.ts(343,36): error TS2835: Relative import paths need explicit file extensions in ECMAScript imports when '--moduleResolution' is 'node16' or 'nodenext'. Did you mean '../../lib/socket.js'?
src/services/terminal/terminal.service.ts(345,30): error TS2339: Property 'order_id' does not exist on type '{ id: string; branchId: string; createdAt: Date; updatedAt: Date; customerId: string; isGuest: boolean; paymentMethod: string; paymentStatus: string; paymentIntentId: string; paypalOrderId: string; ... 7 more ...; terminal_id: string; }'.
src/services/terminal/terminal.service.ts(348,31): error TS2551: Property 'branch_id' does not exist on type '{ id: string; branchId: string; createdAt: Date; updatedAt: Date; customerId: string; isGuest: boolean; paymentMethod: string; paymentStatus: string; paymentIntentId: string; paypalOrderId: string; ... 7 more ...; terminal_id: string; }'. Did you mean 'branchId'?
src/services/terminal/terminal.service.ts(351,39): error TS2551: Property 'branch_id' does not exist on type '{ id: string; branchId: string; createdAt: Date; updatedAt: Date; customerId: string; isGuest: boolean; paymentMethod: string; paymentStatus: string; paymentIntentId: string; paypalOrderId: string; ... 7 more ...; terminal_id: string; }'. Did you mean 'branchId'?
src/services/terminal/terminal.service.ts(354,43): error TS2307: Cannot find module '../order/order.service' or its corresponding type declarations.
tests/prisma.test.ts(1,24): error TS2835: Relative import paths need explicit file extensions in ECMAScript imports when '--moduleResolution' is 'node16' or 'nodenext'. Did you mean '../src/prisma/client.js'?
