src/controllers/admin/adminBranchSettings.controller.ts(6,33): error TS2339: Property 'branchSettings' does not exist on type 'PrismaClient<PrismaClientOptions, never, DefaultArgs>'.
src/controllers/admin/adminBranchSettings.controller.ts(17,32): error TS2339: Property 'branchSettings' does not exist on type 'PrismaClient<PrismaClientOptions, never, DefaultArgs>'.
src/controllers/admin/adminKitchenAssignment.controller.ts(14,15): error TS2353: Object literal may only specify known properties, and 'kitchen' does not exist in type '(Without<MenuItemUpdateInput, MenuItemUncheckedUpdateInput> & MenuItemUncheckedUpdateInput) | (Without<...> & MenuItemUpdateInput)'.
src/controllers/admin/adminPrinterObservability.controller.ts(4,31): error TS2339: Property 'printerTrace' does not exist on type 'PrismaClient<PrismaClientOptions, never, DefaultArgs>'.
src/controllers/admin/adminPrinterObservability.controller.ts(12,31): error TS2339: Property 'printerHealth' does not exist on type 'PrismaClient<PrismaClientOptions, never, DefaultArgs>'.
src/controllers/admin/adminPrinterObservability.controller.ts(19,34): error TS2339: Property 'printerAnomaly' does not exist on type 'PrismaClient<PrismaClientOptions, never, DefaultArgs>'.
src/controllers/admin/adminPrinterQueue.controller.ts(4,29): error TS2339: Property 'printerQueue' does not exist on type 'PrismaClient<PrismaClientOptions, never, DefaultArgs>'.
src/controllers/admin/adminPrinterSecurity.controller.ts(5,33): error TS2339: Property 'printerSecurity' does not exist on type 'PrismaClient<PrismaClientOptions, never, DefaultArgs>'.
src/controllers/admin/adminTerminal.controller.ts(4,34): error TS2339: Property 'terminalStatus' does not exist on type 'PrismaClient<PrismaClientOptions, never, DefaultArgs>'.
src/controllers/admin/adminTerminal.controller.ts(11,31): error TS2339: Property 'terminalError' does not exist on type 'PrismaClient<PrismaClientOptions, never, DefaultArgs>'.
src/controllers/admin/adminTerminalManagement.controller.ts(5,34): error TS2339: Property 'branchTerminal' does not exist on type 'PrismaClient<PrismaClientOptions, never, DefaultArgs>'.
src/controllers/admin/adminTerminalManagement.controller.ts(18,32): error TS2339: Property 'branchTerminal' does not exist on type 'PrismaClient<PrismaClientOptions, never, DefaultArgs>'.
src/controllers/admin/adminTerminalManagement.controller.ts(30,32): error TS2339: Property 'terminalStatus' does not exist on type 'PrismaClient<PrismaClientOptions, never, DefaultArgs>'.
src/controllers/admin/voucherAdmin.controller.ts(7,34): error TS2339: Property 'voucher' does not exist on type 'PrismaClient<PrismaClientOptions, never, DefaultArgs>'.
src/controllers/admin/voucherAdmin.controller.ts(25,34): error TS2339: Property 'voucher' does not exist on type 'PrismaClient<PrismaClientOptions, never, DefaultArgs>'.
src/controllers/admin/voucherAdmin.controller.ts(38,35): error TS2339: Property 'voucher' does not exist on type 'PrismaClient<PrismaClientOptions, never, DefaultArgs>'.
src/controllers/courier/courierLocation.controller.ts(35,31): error TS2339: Property 'tracking_token' does not exist on type '{ branchId: string; id: string; customerId: string; addressId: string; terminal_id: string; status: string; courierStatus: string; courierId: string; notes: string; total: number; paymentMethod: string; ... 6 more ...; updatedAt: Date; }'.
src/controllers/courier/courierLocation.controller.ts(46,33): error TS2339: Property 'tracking_token' does not exist on type '{ branchId: string; id: string; customerId: string; addressId: string; terminal_id: string; status: string; courierStatus: string; courierId: string; notes: string; total: number; paymentMethod: string; ... 6 more ...; updatedAt: Date; }'.
src/controllers/courier/courierView.controller.ts(19,21): error TS2551: Property 'customer' does not exist on type '{ branchId: string; id: string; customerId: string; addressId: string; terminal_id: string; status: string; courierStatus: string; courierId: string; notes: string; total: number; paymentMethod: string; ... 6 more ...; updatedAt: Date; }'. Did you mean 'customerId'?
src/controllers/courier/courierView.controller.ts(20,22): error TS2551: Property 'customer' does not exist on type '{ branchId: string; id: string; customerId: string; addressId: string; terminal_id: string; status: string; courierStatus: string; courierId: string; notes: string; total: number; paymentMethod: string; ... 6 more ...; updatedAt: Date; }'. Did you mean 'customerId'?
src/controllers/courier/courierView.controller.ts(22,22): error TS2551: Property 'customer' does not exist on type '{ branchId: string; id: string; customerId: string; addressId: string; terminal_id: string; status: string; courierStatus: string; courierId: string; notes: string; total: number; paymentMethod: string; ... 6 more ...; updatedAt: Date; }'. Did you mean 'customerId'?
src/controllers/courier/courierView.controller.ts(23,20): error TS2339: Property 'items' does not exist on type '{ branchId: string; id: string; customerId: string; addressId: string; terminal_id: string; status: string; courierStatus: string; courierId: string; notes: string; total: number; paymentMethod: string; ... 6 more ...; updatedAt: Date; }'.
src/controllers/courier/courierView.controller.ts(30,21): error TS2551: Property 'branch' does not exist on type '{ branchId: string; id: string; customerId: string; addressId: string; terminal_id: string; status: string; courierStatus: string; courierId: string; notes: string; total: number; paymentMethod: string; ... 6 more ...; updatedAt: Date; }'. Did you mean 'branchId'?
src/controllers/courier/courierView.controller.ts(31,24): error TS2551: Property 'branch' does not exist on type '{ branchId: string; id: string; customerId: string; addressId: string; terminal_id: string; status: string; courierStatus: string; courierId: string; notes: string; total: number; paymentMethod: string; ... 6 more ...; updatedAt: Date; }'. Did you mean 'branchId'?
src/controllers/courier/courierView.controller.ts(32,20): error TS2551: Property 'branch' does not exist on type '{ branchId: string; id: string; customerId: string; addressId: string; terminal_id: string; status: string; courierStatus: string; courierId: string; notes: string; total: number; paymentMethod: string; ... 6 more ...; updatedAt: Date; }'. Did you mean 'branchId'?
src/controllers/courier/courierView.controller.ts(33,20): error TS2551: Property 'branch' does not exist on type '{ branchId: string; id: string; customerId: string; addressId: string; terminal_id: string; status: string; courierStatus: string; courierId: string; notes: string; total: number; paymentMethod: string; ... 6 more ...; updatedAt: Date; }'. Did you mean 'branchId'?
src/controllers/courier/courierView.controller.ts(36,101): error TS2551: Property 'customer' does not exist on type '{ branchId: string; id: string; customerId: string; addressId: string; terminal_id: string; status: string; courierStatus: string; courierId: string; notes: string; total: number; paymentMethod: string; ... 6 more ...; updatedAt: Date; }'. Did you mean 'customerId'?
src/controllers/customer/customerTracking.controller.ts(9,16): error TS2353: Object literal may only specify known properties, and 'tracking_token' does not exist in type 'OrderWhereInput'.
src/controllers/customer/customerTracking.controller.ts(34,23): error TS2339: Property 'trackingEvents' does not exist on type '{ branchId: string; id: string; customerId: string; addressId: string; terminal_id: string; status: string; courierStatus: string; courierId: string; notes: string; total: number; paymentMethod: string; ... 6 more ...; updatedAt: Date; }'.
src/controllers/customer/customerTracking.controller.ts(35,30): error TS2339: Property 'courierLocations' does not exist on type '{ branchId: string; id: string; customerId: string; addressId: string; terminal_id: string; status: string; courierStatus: string; courierId: string; notes: string; total: number; paymentMethod: string; ... 6 more ...; updatedAt: Date; }'.
src/controllers/customer/customerTracking.controller.ts(36,20): error TS2339: Property 'items' does not exist on type '{ branchId: string; id: string; customerId: string; addressId: string; terminal_id: string; status: string; courierStatus: string; courierId: string; notes: string; total: number; paymentMethod: string; ... 6 more ...; updatedAt: Date; }'.
src/controllers/customer/customerTracking.controller.ts(42,21): error TS2551: Property 'branch' does not exist on type '{ branchId: string; id: string; customerId: string; addressId: string; terminal_id: string; status: string; courierStatus: string; courierId: string; notes: string; total: number; paymentMethod: string; ... 6 more ...; updatedAt: Date; }'. Did you mean 'branchId'?
src/controllers/customer/customerTracking.controller.ts(43,24): error TS2551: Property 'branch' does not exist on type '{ branchId: string; id: string; customerId: string; addressId: string; terminal_id: string; status: string; courierStatus: string; courierId: string; notes: string; total: number; paymentMethod: string; ... 6 more ...; updatedAt: Date; }'. Did you mean 'branchId'?
src/controllers/customer/customerTracking.controller.ts(44,20): error TS2551: Property 'branch' does not exist on type '{ branchId: string; id: string; customerId: string; addressId: string; terminal_id: string; status: string; courierStatus: string; courierId: string; notes: string; total: number; paymentMethod: string; ... 6 more ...; updatedAt: Date; }'. Did you mean 'branchId'?
src/controllers/customer/customerTracking.controller.ts(45,20): error TS2551: Property 'branch' does not exist on type '{ branchId: string; id: string; customerId: string; addressId: string; terminal_id: string; status: string; courierStatus: string; courierId: string; notes: string; total: number; paymentMethod: string; ... 6 more ...; updatedAt: Date; }'. Did you mean 'branchId'?
src/controllers/customer/customerTracking.controller.ts(47,30): error TS2551: Property 'customer' does not exist on type '{ branchId: string; id: string; customerId: string; addressId: string; terminal_id: string; status: string; courierStatus: string; courierId: string; notes: string; total: number; paymentMethod: string; ... 6 more ...; updatedAt: Date; }'. Did you mean 'customerId'?
src/controllers/decisionEngine.controller.ts(19,33): error TS2339: Property 'decisionLog' does not exist on type 'PrismaClient<PrismaClientOptions, never, DefaultArgs>'.
src/controllers/deliveryFee.controller.ts(31,33): error TS2339: Property 'deliveryZone' does not exist on type 'PrismaClient<PrismaClientOptions, never, DefaultArgs>'.
src/controllers/deliveryFee.controller.ts(46,33): error TS2339: Property 'deliveryZone' does not exist on type 'PrismaClient<PrismaClientOptions, never, DefaultArgs>'.
src/controllers/intelligence.controller.ts(31,33): error TS2339: Property 'dashboardViewLog' does not exist on type 'PrismaClient<PrismaClientOptions, never, DefaultArgs>'.
src/controllers/knowledgeGraph.controller.ts(20,33): error TS2339: Property 'insightLog' does not exist on type 'PrismaClient<PrismaClientOptions, never, DefaultArgs>'.
src/controllers/loyalty.controller.ts(10,35): error TS2339: Property 'loyaltyPoints' does not exist on type 'PrismaClient<PrismaClientOptions, never, DefaultArgs>'.
src/controllers/loyalty.controller.ts(51,36): error TS2339: Property 'reward' does not exist on type 'PrismaClient<PrismaClientOptions, never, DefaultArgs>'.
src/controllers/nlae.controller.ts(20,33): error TS2339: Property 'analyticsQueryLog' does not exist on type 'PrismaClient<PrismaClientOptions, never, DefaultArgs>'.
src/controllers/notifications.controller.ts(11,34): error TS2339: Property 'notificationPreference' does not exist on type 'PrismaClient<PrismaClientOptions, never, DefaultArgs>'.
src/controllers/optimizationLoop.controller.ts(20,33): error TS2339: Property 'optimizationLog' does not exist on type 'PrismaClient<PrismaClientOptions, never, DefaultArgs>'.
src/controllers/order/orderLifecycle.controller.ts(38,9): error TS2322: Type '{ customerId: any; addressId: any; items: { create: any; }; total: any; paymentMethod: any; paymentStatus: string; walletUsed: number; externalAmount: number; }' is not assignable to type '(Without<OrderCreateInput, OrderUncheckedCreateInput> & OrderUncheckedCreateInput) | (Without<...> & OrderCreateInput)'.
  Type '{ customerId: any; addressId: any; items: { create: any; }; total: any; paymentMethod: any; paymentStatus: string; walletUsed: number; externalAmount: number; }' is not assignable to type 'Without<OrderUncheckedCreateInput, OrderCreateInput> & OrderCreateInput'.
    Type '{ customerId: any; addressId: any; items: { create: any; }; total: any; paymentMethod: any; paymentStatus: string; walletUsed: number; externalAmount: number; }' is not assignable to type 'Without<OrderUncheckedCreateInput, OrderCreateInput>'.
      Types of property 'customerId' are incompatible.
        Type 'any' is not assignable to type 'never'.
src/controllers/paypal/paypalCapture.controller.ts(11,16): error TS2339: Property 'paypalOrderId' does not exist on type '{ branchId: string; id: string; customerId: string; addressId: string; terminal_id: string; status: string; courierStatus: string; courierId: string; notes: string; total: number; paymentMethod: string; ... 6 more ...; updatedAt: Date; }'.
src/controllers/paypal/paypalCapture.controller.ts(16,36): error TS2339: Property 'paypalOrderId' does not exist on type '{ branchId: string; id: string; customerId: string; addressId: string; terminal_id: string; status: string; courierStatus: string; courierId: string; notes: string; total: number; paymentMethod: string; ... 6 more ...; updatedAt: Date; }'.
src/controllers/paypal/paypalCapture.controller.ts(30,9): error TS2353: Object literal may only specify known properties, and 'paypalCaptureId' does not exist in type '(Without<OrderUpdateInput, OrderUncheckedUpdateInput> & OrderUncheckedUpdateInput) | (Without<...> & OrderUpdateInput)'.
src/controllers/paypal/paypalRefund.controller.ts(12,16): error TS2339: Property 'paypalCaptureId' does not exist on type '{ branchId: string; id: string; customerId: string; addressId: string; terminal_id: string; status: string; courierStatus: string; courierId: string; notes: string; total: number; paymentMethod: string; ... 6 more ...; updatedAt: Date; }'.
src/controllers/paypal/paypalRefund.controller.ts(17,38): error TS2339: Property 'paypalCaptureId' does not exist on type '{ branchId: string; id: string; customerId: string; addressId: string; terminal_id: string; status: string; courierStatus: string; courierId: string; notes: string; total: number; paymentMethod: string; ... 6 more ...; updatedAt: Date; }'.
src/controllers/paypal/paypalRefund.controller.ts(26,9): error TS2353: Object literal may only specify known properties, and 'refundedAt' does not exist in type '(Without<OrderUpdateInput, OrderUncheckedUpdateInput> & OrderUncheckedUpdateInput) | (Without<...> & OrderUpdateInput)'.
src/controllers/paypal/paypalWebhook.controller.ts(26,11): error TS2353: Object literal may only specify known properties, and 'paypalCaptureId' does not exist in type '(Without<OrderUpdateInput, OrderUncheckedUpdateInput> & OrderUncheckedUpdateInput) | (Without<...> & OrderUpdateInput)'.
src/controllers/paypal/paypalWebhook.controller.ts(44,11): error TS2353: Object literal may only specify known properties, and 'refundedAt' does not exist in type '(Without<OrderUpdateInput, OrderUncheckedUpdateInput> & OrderUncheckedUpdateInput) | (Without<...> & OrderUpdateInput)'.
src/controllers/terminal/terminalOrders.controller.ts(64,14): error TS2322: Type 'number' is not assignable to type 'string'.
src/controllers/terminal/terminalOrders.controller.ts(77,14): error TS2322: Type 'number' is not assignable to type 'string'.
src/events/terminalEvents.ts(53,22): error TS2339: Property 'terminal' does not exist on type 'PrismaClient<PrismaClientOptions, never, DefaultArgs>'.
src/jobs/campaignScheduler.ts(5,34): error TS2339: Property 'campaign' does not exist on type 'PrismaClient<PrismaClientOptions, never, DefaultArgs>'.
src/jobs/printerAutoscaleWorker.ts(6,34): error TS2339: Property 'printerQueue' does not exist on type 'PrismaClient<PrismaClientOptions, never, DefaultArgs>'.
src/jobs/printerSLAWorker.ts(6,35): error TS2339: Property 'printerTrace' does not exist on type 'PrismaClient<PrismaClientOptions, never, DefaultArgs>'.
src/middleware/kdsAuth.ts(10,30): error TS2339: Property 'kitchenDisplay' does not exist on type 'PrismaClient<PrismaClientOptions, never, DefaultArgs>'.
src/middleware/terminalAuth.ts(12,35): error TS2339: Property 'terminal' does not exist on type 'PrismaClient<PrismaClientOptions, never, DefaultArgs>'.
src/middleware/terminalAuth.ts(42,35): error TS2339: Property 'terminal' does not exist on type 'PrismaClient<PrismaClientOptions, never, DefaultArgs>'.
src/routes/auth.ts(12,30): error TS2339: Property 'admin' does not exist on type 'PrismaClient<PrismaClientOptions, never, DefaultArgs>'.
src/routes/auth.ts(71,160): error TS2339: Property 'phoneNumber' does not exist on type '{ id: string; createdAt: Date; name: string; email: string; phone: string; }'.
src/routes/campaigns.ts(10,34): error TS2339: Property 'campaign' does not exist on type 'PrismaClient<PrismaClientOptions, never, DefaultArgs>'.
src/routes/campaigns.ts(18,33): error TS2339: Property 'campaign' does not exist on type 'PrismaClient<PrismaClientOptions, never, DefaultArgs>'.
src/routes/campaigns.ts(36,33): error TS2339: Property 'campaign' does not exist on type 'PrismaClient<PrismaClientOptions, never, DefaultArgs>'.
src/routes/campaigns.ts(54,16): error TS2339: Property 'campaign' does not exist on type 'PrismaClient<PrismaClientOptions, never, DefaultArgs>'.
src/routes/campaigns.ts(63,33): error TS2339: Property 'campaign' does not exist on type 'PrismaClient<PrismaClientOptions, never, DefaultArgs>'.
src/routes/campaigns.ts(85,33): error TS2339: Property 'segment' does not exist on type 'PrismaClient<PrismaClientOptions, never, DefaultArgs>'.
src/routes/campaigns.ts(93,32): error TS2339: Property 'segment' does not exist on type 'PrismaClient<PrismaClientOptions, never, DefaultArgs>'.
src/routes/courier.ts(32,9): error TS2353: Object literal may only specify known properties, and 'latitude' does not exist in type '(Without<CourierLocationCreateInput, CourierLocationUncheckedCreateInput> & CourierLocationUncheckedCreateInput) | (Without<...> & CourierLocationCreateInput)'.
src/routes/loyalty.routes.ts(19,31): error TS2339: Property 'reward' does not exist on type 'PrismaClient<PrismaClientOptions, never, DefaultArgs>'.
src/routes/loyalty.routes.ts(24,30): error TS2339: Property 'promoCode' does not exist on type 'PrismaClient<PrismaClientOptions, never, DefaultArgs>'.
src/routes/marketing.ts(27,7): error TS2353: Object literal may only specify known properties, and 'marketingConsent' does not exist in type 'CustomerSelect<DefaultArgs>'.
src/routes/marketing.ts(34,48): error TS2339: Property 'marketingConsent' does not exist on type '{ id: string; createdAt: Date; name: string; email: string; phone: string; }'.
src/routes/marketing.ts(55,7): error TS2353: Object literal may only specify known properties, and 'marketingConsent' does not exist in type 'CustomerSelect<DefaultArgs>'.
src/routes/marketing.ts(72,15): error TS2353: Object literal may only specify known properties, and 'loyaltyPoints' does not exist in type 'CustomerSelect<DefaultArgs>'.
src/routes/marketing.ts(75,39): error TS2339: Property 'loyaltyPoints' does not exist on type '{ id: string; createdAt: Date; name: string; email: string; phone: string; }'.
src/routes/public.routes.ts(12,16): error TS2353: Object literal may only specify known properties, and 'tracking_token' does not exist in type 'OrderWhereInput'.
src/routes/public.routes.ts(42,28): error TS2551: Property 'customer' does not exist on type '{ branchId: string; id: string; customerId: string; addressId: string; terminal_id: string; status: string; courierStatus: string; courierId: string; notes: string; total: number; paymentMethod: string; ... 6 more ...; updatedAt: Date; }'. Did you mean 'customerId'?
src/routes/public.routes.ts(43,29): error TS2551: Property 'customer' does not exist on type '{ branchId: string; id: string; customerId: string; addressId: string; terminal_id: string; status: string; courierStatus: string; courierId: string; notes: string; total: number; paymentMethod: string; ... 6 more ...; updatedAt: Date; }'. Did you mean 'customerId'?
src/routes/public.routes.ts(44,29): error TS2551: Property 'customer' does not exist on type '{ branchId: string; id: string; customerId: string; addressId: string; terminal_id: string; status: string; courierStatus: string; courierId: string; notes: string; total: number; paymentMethod: string; ... 6 more ...; updatedAt: Date; }'. Did you mean 'customerId'?
src/routes/public.routes.ts(45,20): error TS2339: Property 'items' does not exist on type '{ branchId: string; id: string; customerId: string; addressId: string; terminal_id: string; status: string; courierStatus: string; courierId: string; notes: string; total: number; paymentMethod: string; ... 6 more ...; updatedAt: Date; }'.
src/routes/track.ts(15,16): error TS2353: Object literal may only specify known properties, and 'tracking_token' does not exist in type 'OrderWhereInput'.
src/routes/track.ts(37,18): error TS2353: Object literal may only specify known properties, and 'timestamp' does not exist in type 'OrderTrackingEventOrderByWithRelationInput | OrderTrackingEventOrderByWithRelationInput[]'.
src/routes/track.ts(44,31): error TS2339: Property 'tracking_token' does not exist on type '{ branchId: string; id: string; customerId: string; addressId: string; terminal_id: string; status: string; courierStatus: string; courierId: string; notes: string; total: number; paymentMethod: string; ... 6 more ...; updatedAt: Date; }'.
src/routes/track.ts(45,29): error TS2551: Property 'customer' does not exist on type '{ branchId: string; id: string; customerId: string; addressId: string; terminal_id: string; status: string; courierStatus: string; courierId: string; notes: string; total: number; paymentMethod: string; ... 6 more ...; updatedAt: Date; }'. Did you mean 'customerId'?
src/routes/track.ts(46,30): error TS2551: Property 'customer' does not exist on type '{ branchId: string; id: string; customerId: string; addressId: string; terminal_id: string; status: string; courierStatus: string; courierId: string; notes: string; total: number; paymentMethod: string; ... 6 more ...; updatedAt: Date; }'. Did you mean 'customerId'?
src/routes/track.ts(47,30): error TS2551: Property 'customer' does not exist on type '{ branchId: string; id: string; customerId: string; addressId: string; terminal_id: string; status: string; courierStatus: string; courierId: string; notes: string; total: number; paymentMethod: string; ... 6 more ...; updatedAt: Date; }'. Did you mean 'customerId'?
src/routes/track.ts(48,22): error TS2339: Property 'items' does not exist on type '{ branchId: string; id: string; customerId: string; addressId: string; terminal_id: string; status: string; courierStatus: string; courierId: string; notes: string; total: number; paymentMethod: string; ... 6 more ...; updatedAt: Date; }'.
src/routes/track.ts(68,27): error TS2353: Object literal may only specify known properties, and 'tracking_token' does not exist in type 'OrderSelect<DefaultArgs>'.
src/services/admin/adminAuth.service.ts(12,19): error TS2339: Property 'admin' does not exist on type 'PrismaClient<PrismaClientOptions, never, DefaultArgs>'.
src/services/admin/adminAuth.service.ts(54,32): error TS2339: Property 'admin' does not exist on type 'PrismaClient<PrismaClientOptions, never, DefaultArgs>'.
src/services/admin/adminAuth.service.ts(68,34): error TS2339: Property 'admin' does not exist on type 'PrismaClient<PrismaClientOptions, never, DefaultArgs>'.
src/services/admin/adminAuth.service.ts(78,19): error TS2339: Property 'admin' does not exist on type 'PrismaClient<PrismaClientOptions, never, DefaultArgs>'.
src/services/admin/adminCouriers.service.ts(51,15): error TS2353: Object literal may only specify known properties, and 'active' does not exist in type '(Without<CourierUpdateInput, CourierUncheckedUpdateInput> & CourierUncheckedUpdateInput) | (Without<...> & CourierUpdateInput)'.
src/services/admin/adminCouriers.service.ts(51,32): error TS2339: Property 'active' does not exist on type '{ branchId: string; id: string; name: string; email: string; phone: string; }'.
src/services/admin/adminCouriers.service.ts(57,16): error TS2353: Object literal may only specify known properties, and 'courierToken' does not exist in type 'OrderWhereInput'.
src/services/admin/adminOrders.service.ts(62,9): error TS2353: Object literal may only specify known properties, and 'scheduledFor' does not exist in type '(Without<OrderUpdateManyMutationInput, OrderUncheckedUpdateManyInput> & OrderUncheckedUpdateManyInput) | (Without<...> & OrderUpdateManyMutationInput)'.
src/services/admin/adminOrders.service.ts(79,15): error TS2353: Object literal may only specify known properties, and 'courierToken' does not exist in type '(Without<OrderUpdateManyMutationInput, OrderUncheckedUpdateManyInput> & OrderUncheckedUpdateManyInput) | (Without<...> & OrderUpdateManyMutationInput)'.
src/services/admin/category.service.ts(5,19): error TS2339: Property 'category' does not exist on type 'PrismaClient<PrismaClientOptions, never, DefaultArgs>'.
src/services/admin/category.service.ts(11,19): error TS2339: Property 'category' does not exist on type 'PrismaClient<PrismaClientOptions, never, DefaultArgs>'.
src/services/admin/category.service.ts(17,19): error TS2339: Property 'category' does not exist on type 'PrismaClient<PrismaClientOptions, never, DefaultArgs>'.
src/services/admin/category.service.ts(21,19): error TS2339: Property 'category' does not exist on type 'PrismaClient<PrismaClientOptions, never, DefaultArgs>'.
src/services/admin/category.service.ts(28,19): error TS2339: Property 'category' does not exist on type 'PrismaClient<PrismaClientOptions, never, DefaultArgs>'.
src/services/admin/deal.service.ts(5,19): error TS2339: Property 'deal' does not exist on type 'PrismaClient<PrismaClientOptions, never, DefaultArgs>'.
src/services/admin/deal.service.ts(11,19): error TS2339: Property 'deal' does not exist on type 'PrismaClient<PrismaClientOptions, never, DefaultArgs>'.
src/services/admin/deal.service.ts(17,19): error TS2339: Property 'deal' does not exist on type 'PrismaClient<PrismaClientOptions, never, DefaultArgs>'.
src/services/admin/deal.service.ts(21,19): error TS2339: Property 'deal' does not exist on type 'PrismaClient<PrismaClientOptions, never, DefaultArgs>'.
src/services/admin/deal.service.ts(28,19): error TS2339: Property 'deal' does not exist on type 'PrismaClient<PrismaClientOptions, never, DefaultArgs>'.
src/services/admin/extra.service.ts(5,19): error TS2339: Property 'extra' does not exist on type 'PrismaClient<PrismaClientOptions, never, DefaultArgs>'.
src/services/admin/extra.service.ts(11,19): error TS2339: Property 'extra' does not exist on type 'PrismaClient<PrismaClientOptions, never, DefaultArgs>'.
src/services/admin/extra.service.ts(17,19): error TS2339: Property 'extra' does not exist on type 'PrismaClient<PrismaClientOptions, never, DefaultArgs>'.
src/services/admin/extra.service.ts(21,19): error TS2339: Property 'extra' does not exist on type 'PrismaClient<PrismaClientOptions, never, DefaultArgs>'.
src/services/admin/extra.service.ts(28,19): error TS2339: Property 'extra' does not exist on type 'PrismaClient<PrismaClientOptions, never, DefaultArgs>'.
src/services/admin/relation.service.ts(5,19): error TS2339: Property 'relation' does not exist on type 'PrismaClient<PrismaClientOptions, never, DefaultArgs>'.
src/services/admin/terminalAdmin.service.ts(5,25): error TS2339: Property 'terminal' does not exist on type 'PrismaClient<PrismaClientOptions, never, DefaultArgs>'.
src/services/admin/terminalAdmin.service.ts(24,36): error TS2339: Property 'terminal' does not exist on type 'PrismaClient<PrismaClientOptions, never, DefaultArgs>'.
src/services/admin/terminalStatus.service.ts(5,36): error TS2339: Property 'terminal' does not exist on type 'PrismaClient<PrismaClientOptions, never, DefaultArgs>'.
src/services/admin/topping.service.ts(5,19): error TS2339: Property 'topping' does not exist on type 'PrismaClient<PrismaClientOptions, never, DefaultArgs>'.
src/services/admin/topping.service.ts(11,19): error TS2339: Property 'topping' does not exist on type 'PrismaClient<PrismaClientOptions, never, DefaultArgs>'.
src/services/admin/topping.service.ts(17,19): error TS2339: Property 'topping' does not exist on type 'PrismaClient<PrismaClientOptions, never, DefaultArgs>'.
src/services/admin/topping.service.ts(21,19): error TS2339: Property 'topping' does not exist on type 'PrismaClient<PrismaClientOptions, never, DefaultArgs>'.
src/services/admin/topping.service.ts(28,19): error TS2339: Property 'topping' does not exist on type 'PrismaClient<PrismaClientOptions, never, DefaultArgs>'.
src/services/admin/variant.service.ts(5,19): error TS2339: Property 'variant' does not exist on type 'PrismaClient<PrismaClientOptions, never, DefaultArgs>'.
src/services/admin/variant.service.ts(11,19): error TS2339: Property 'variant' does not exist on type 'PrismaClient<PrismaClientOptions, never, DefaultArgs>'.
src/services/admin/variant.service.ts(17,19): error TS2339: Property 'variant' does not exist on type 'PrismaClient<PrismaClientOptions, never, DefaultArgs>'.
src/services/admin/variant.service.ts(21,19): error TS2339: Property 'variant' does not exist on type 'PrismaClient<PrismaClientOptions, never, DefaultArgs>'.
src/services/admin/variant.service.ts(28,19): error TS2339: Property 'variant' does not exist on type 'PrismaClient<PrismaClientOptions, never, DefaultArgs>'.
src/services/admins.service.ts(12,19): error TS2339: Property 'admin' does not exist on type 'PrismaClient<PrismaClientOptions, never, DefaultArgs>'.
src/services/admins.service.ts(38,19): error TS2339: Property 'admin' does not exist on type 'PrismaClient<PrismaClientOptions, never, DefaultArgs>'.
src/services/admins.service.ts(42,19): error TS2339: Property 'admin' does not exist on type 'PrismaClient<PrismaClientOptions, never, DefaultArgs>'.
src/services/admins.service.ts(46,19): error TS2339: Property 'admin' does not exist on type 'PrismaClient<PrismaClientOptions, never, DefaultArgs>'.
src/services/admins.service.ts(53,19): error TS2339: Property 'admin' does not exist on type 'PrismaClient<PrismaClientOptions, never, DefaultArgs>'.
src/services/admins.service.ts(57,19): error TS2339: Property 'admin' does not exist on type 'PrismaClient<PrismaClientOptions, never, DefaultArgs>'.
src/services/auth.service.ts(28,9): error TS2353: Object literal may only specify known properties, and 'loginToken' does not exist in type '(Without<CustomerUpdateInput, CustomerUncheckedUpdateInput> & CustomerUncheckedUpdateInput) | (Without<...> & CustomerUpdateInput)'.
src/services/auth.service.ts(41,9): error TS2353: Object literal may only specify known properties, and 'loginToken' does not exist in type 'CustomerWhereInput'.
src/services/auth.service.ts(55,9): error TS2353: Object literal may only specify known properties, and 'loginToken' does not exist in type '(Without<CustomerUpdateInput, CustomerUncheckedUpdateInput> & CustomerUncheckedUpdateInput) | (Without<...> & CustomerUpdateInput)'.
src/services/auth.service.ts(66,32): error TS2339: Property 'admin' does not exist on type 'PrismaClient<PrismaClientOptions, never, DefaultArgs>'.
src/services/auth.service.ts(93,32): error TS2339: Property 'admin' does not exist on type 'PrismaClient<PrismaClientOptions, never, DefaultArgs>'.
src/services/cart.service.ts(19,35): error TS2339: Property 'branchSchedule' does not exist on type 'PrismaClient<PrismaClientOptions, never, DefaultArgs>'.
src/services/cart.service.ts(40,25): error TS2339: Property 'autoDisable' does not exist on type '{ id: string; description: string; name: string; price: number; tags: string[]; stock: number; }'.
src/services/cart/cart.service.ts(7,37): error TS2339: Property 'cart' does not exist on type 'PrismaClient<PrismaClientOptions, never, DefaultArgs>'.
src/services/cart/cart.service.ts(14,19): error TS2339: Property 'cart' does not exist on type 'PrismaClient<PrismaClientOptions, never, DefaultArgs>'.
src/services/cart/cart.service.ts(20,19): error TS2339: Property 'cart' does not exist on type 'PrismaClient<PrismaClientOptions, never, DefaultArgs>'.
src/services/cart/cart.service.ts(33,19): error TS2339: Property 'cartItem' does not exist on type 'PrismaClient<PrismaClientOptions, never, DefaultArgs>'.
src/services/cart/cart.service.ts(43,19): error TS2339: Property 'cartItem' does not exist on type 'PrismaClient<PrismaClientOptions, never, DefaultArgs>'.
src/services/cart/cart.service.ts(50,19): error TS2339: Property 'cartItem' does not exist on type 'PrismaClient<PrismaClientOptions, never, DefaultArgs>'.
src/services/conversational.service.ts(47,18): error TS2339: Property 'conversationLog' does not exist on type 'PrismaClient<PrismaClientOptions, never, DefaultArgs>'.
src/services/conversational.service.ts(56,19): error TS2339: Property 'conversationLog' does not exist on type 'PrismaClient<PrismaClientOptions, never, DefaultArgs>'.
src/services/courier/autoStatus.service.ts(71,9): error TS2353: Object literal may only specify known properties, and 'deliveredAt' does not exist in type '(Without<OrderUpdateInput, OrderUncheckedUpdateInput> & OrderUncheckedUpdateInput) | (Without<...> & OrderUpdateInput)'.
src/services/courier/courierToken.service.ts(11,7): error TS2353: Object literal may only specify known properties, and 'courierToken' does not exist in type '(Without<OrderUpdateInput, OrderUncheckedUpdateInput> & OrderUncheckedUpdateInput) | (Without<...> & OrderUpdateInput)'.
src/services/courier/courierToken.service.ts(24,7): error TS2353: Object literal may only specify known properties, and 'courierToken' does not exist in type 'OrderWhereInput'.
src/services/couriers.service.ts(14,9): error TS2353: Object literal may only specify known properties, and 'courierToken' does not exist in type '(Without<OrderUpdateInput, OrderUncheckedUpdateInput> & OrderUncheckedUpdateInput) | (Without<...> & OrderUpdateInput)'.
src/services/couriers.service.ts(23,15): error TS2339: Property 'courierToken' does not exist on type '{ branchId: string; id: string; customerId: string; addressId: string; terminal_id: string; status: string; courierStatus: string; courierId: string; notes: string; total: number; paymentMethod: string; ... 6 more ...; updatedAt: Date; }'.
src/services/couriers.service.ts(24,16): error TS2339: Property 'courierTokenExpiresAt' does not exist on type '{ branchId: string; id: string; customerId: string; addressId: string; terminal_id: string; status: string; courierStatus: string; courierId: string; notes: string; total: number; paymentMethod: string; ... 6 more ...; updatedAt: Date; }'.
src/services/couriers.service.ts(25,15): error TS2339: Property 'courierTokenExpiresAt' does not exist on type '{ branchId: string; id: string; customerId: string; addressId: string; terminal_id: string; status: string; courierStatus: string; courierId: string; notes: string; total: number; paymentMethod: string; ... 6 more ...; updatedAt: Date; }'.
src/services/courierTracking.service.ts(25,9): error TS2353: Object literal may only specify known properties, and 'latitude' does not exist in type '(Without<CourierLocationCreateInput, CourierLocationUncheckedCreateInput> & CourierLocationUncheckedCreateInput) | (Without<...> & CourierLocationCreateInput)'.
src/services/courierTracking.service.ts(48,18): error TS2353: Object literal may only specify known properties, and 'timestamp' does not exist in type 'OrderTrackingEventOrderByWithRelationInput | OrderTrackingEventOrderByWithRelationInput[]'.
src/services/customers.service.ts(78,15): error TS2353: Object literal may only specify known properties, and 'phoneNumber' does not exist in type '(Without<CustomerUpdateInput, CustomerUncheckedUpdateInput> & CustomerUncheckedUpdateInput) | (Without<...> & CustomerUpdateInput)'.
src/services/dashboard.service.ts(46,19): error TS2339: Property 'searchLog' does not exist on type 'PrismaClient<PrismaClientOptions, never, DefaultArgs>'.
src/services/dashboard.service.ts(53,19): error TS2339: Property 'loyaltyPoints' does not exist on type 'PrismaClient<PrismaClientOptions, never, DefaultArgs>'.
src/services/emailCampaign.service.ts(9,35): error TS2339: Property 'campaign' does not exist on type 'PrismaClient<PrismaClientOptions, never, DefaultArgs>'.
src/services/emailCampaign.service.ts(27,18): error TS2339: Property 'campaign' does not exist on type 'PrismaClient<PrismaClientOptions, never, DefaultArgs>'.
src/services/favorites.service.ts(5,19): error TS2339: Property 'favorite' does not exist on type 'PrismaClient<PrismaClientOptions, never, DefaultArgs>'.
src/services/favorites.service.ts(15,19): error TS2339: Property 'favorite' does not exist on type 'PrismaClient<PrismaClientOptions, never, DefaultArgs>'.
src/services/favorites.service.ts(21,19): error TS2339: Property 'favorite' does not exist on type 'PrismaClient<PrismaClientOptions, never, DefaultArgs>'.
src/services/favorites.service.ts(30,19): error TS2339: Property 'favorite' does not exist on type 'PrismaClient<PrismaClientOptions, never, DefaultArgs>'.
src/services/fraud.service.ts(73,18): error TS2339: Property 'riskScore' does not exist on type 'PrismaClient<PrismaClientOptions, never, DefaultArgs>'.
src/services/fraud.service.ts(81,20): error TS2339: Property 'orderRiskEvent' does not exist on type 'PrismaClient<PrismaClientOptions, never, DefaultArgs>'.
src/services/fraud.service.ts(88,20): error TS2339: Property 'fraudFlag' does not exist on type 'PrismaClient<PrismaClientOptions, never, DefaultArgs>'.
src/services/fraud.service.ts(101,19): error TS2339: Property 'riskScore' does not exist on type 'PrismaClient<PrismaClientOptions, never, DefaultArgs>'.
src/services/fraud.service.ts(107,19): error TS2339: Property 'fraudFlag' does not exist on type 'PrismaClient<PrismaClientOptions, never, DefaultArgs>'.
src/services/fraud.service.ts(113,19): error TS2339: Property 'orderRiskEvent' does not exist on type 'PrismaClient<PrismaClientOptions, never, DefaultArgs>'.
src/services/intelligence.service.ts(43,33): error TS2339: Property 'intelligenceReport' does not exist on type 'PrismaClient<PrismaClientOptions, never, DefaultArgs>'.
src/services/intelligence.service.ts(61,21): error TS2339: Property 'dashboardViewLog' does not exist on type 'PrismaClient<PrismaClientOptions, never, DefaultArgs>'.
src/services/ltml.service.ts(21,19): error TS2339: Property 'memoryRecord' does not exist on type 'PrismaClient<PrismaClientOptions, never, DefaultArgs>'.
src/services/ltml.service.ts(28,33): error TS2339: Property 'memoryRecord' does not exist on type 'PrismaClient<PrismaClientOptions, never, DefaultArgs>'.
src/services/ltml.service.ts(63,20): error TS2339: Property 'trendRecord' does not exist on type 'PrismaClient<PrismaClientOptions, never, DefaultArgs>'.
src/services/ltml.service.ts(73,33): error TS2339: Property 'trendRecord' does not exist on type 'PrismaClient<PrismaClientOptions, never, DefaultArgs>'.
src/services/managerDashboard.service.ts(14,18): error TS2353: Object literal may only specify known properties, and 'category' does not exist in type 'MenuItemInclude<DefaultArgs>'.
src/services/managerDashboard.service.ts(51,19): error TS2339: Property 'terminal' does not exist on type 'PrismaClient<PrismaClientOptions, never, DefaultArgs>'.
src/services/managerDashboard.service.ts(58,19): error TS2339: Property 'branchSchedule' does not exist on type 'PrismaClient<PrismaClientOptions, never, DefaultArgs>'.
src/services/managerDashboard.service.ts(64,18): error TS2339: Property 'branchSchedule' does not exist on type 'PrismaClient<PrismaClientOptions, never, DefaultArgs>'.
src/services/managerDashboard.service.ts(66,19): error TS2339: Property 'branchSchedule' does not exist on type 'PrismaClient<PrismaClientOptions, never, DefaultArgs>'.
src/services/menu.service.ts(5,19): error TS2339: Property 'category' does not exist on type 'PrismaClient<PrismaClientOptions, never, DefaultArgs>'.
src/services/menu.service.ts(9,19): error TS2339: Property 'category' does not exist on type 'PrismaClient<PrismaClientOptions, never, DefaultArgs>'.
src/services/menu.service.ts(13,19): error TS2339: Property 'category' does not exist on type 'PrismaClient<PrismaClientOptions, never, DefaultArgs>'.
src/services/menu.service.ts(17,19): error TS2339: Property 'category' does not exist on type 'PrismaClient<PrismaClientOptions, never, DefaultArgs>'.
src/services/menu.service.ts(51,19): error TS2339: Property 'variant' does not exist on type 'PrismaClient<PrismaClientOptions, never, DefaultArgs>'.
src/services/menu.service.ts(55,19): error TS2339: Property 'variant' does not exist on type 'PrismaClient<PrismaClientOptions, never, DefaultArgs>'.
src/services/menu.service.ts(59,19): error TS2339: Property 'variant' does not exist on type 'PrismaClient<PrismaClientOptions, never, DefaultArgs>'.
src/services/menu.service.ts(65,15): error TS2353: Object literal may only specify known properties, and 'autoDisable' does not exist in type '(Without<MenuItemUpdateInput, MenuItemUncheckedUpdateInput> & MenuItemUncheckedUpdateInput) | (Without<...> & MenuItemUpdateInput)'.
src/services/menu.service.ts(70,27): error TS2339: Property 'autoDisable' does not exist on type '{ id: string; description: string; name: string; price: number; tags: string[]; stock: number; }'.
src/services/menu.service.ts(75,19): error TS2339: Property 'variant' does not exist on type 'PrismaClient<PrismaClientOptions, never, DefaultArgs>'.
src/services/nlae.service.ts(76,31): error TS2339: Property 'decisionLog' does not exist on type 'PrismaClient<PrismaClientOptions, never, DefaultArgs>'.
src/services/nlae.service.ts(100,18): error TS2339: Property 'analyticsQueryLog' does not exist on type 'PrismaClient<PrismaClientOptions, never, DefaultArgs>'.
src/services/offer.service.ts(5,32): error TS2339: Property 'offer' does not exist on type 'PrismaClient<PrismaClientOptions, never, DefaultArgs>'.
src/services/order/order.service.ts(33,9): error TS2353: Object literal may only specify known properties, and 'isGuest' does not exist in type '(Without<OrderCreateInput, OrderUncheckedCreateInput> & OrderUncheckedCreateInput) | (Without<...> & OrderCreateInput)'.
src/services/order/order.service.ts(73,9): error TS2353: Object literal may only specify known properties, and 'scheduledFor' does not exist in type '(Without<OrderUpdateInput, OrderUncheckedUpdateInput> & OrderUncheckedUpdateInput) | (Without<...> & OrderUpdateInput)'.
src/services/orders.service.ts(54,9): error TS2353: Object literal may only specify known properties, and 'courierToken' does not exist in type '(Without<OrderUpdateInput, OrderUncheckedUpdateInput> & OrderUncheckedUpdateInput) | (Without<...> & OrderUpdateInput)'.
src/services/orders.service.ts(71,15): error TS2339: Property 'courierToken' does not exist on type '{ branchId: string; id: string; customerId: string; addressId: string; terminal_id: string; status: string; courierStatus: string; courierId: string; notes: string; total: number; paymentMethod: string; ... 6 more ...; updatedAt: Date; }'.
src/services/orders.service.ts(72,16): error TS2339: Property 'courierTokenExpiresAt' does not exist on type '{ branchId: string; id: string; customerId: string; addressId: string; terminal_id: string; status: string; courierStatus: string; courierId: string; notes: string; total: number; paymentMethod: string; ... 6 more ...; updatedAt: Date; }'.
src/services/orders.service.ts(73,15): error TS2339: Property 'courierTokenExpiresAt' does not exist on type '{ branchId: string; id: string; customerId: string; addressId: string; terminal_id: string; status: string; courierStatus: string; courierId: string; notes: string; total: number; paymentMethod: string; ... 6 more ...; updatedAt: Date; }'.
src/services/orders.service.ts(106,19): error TS2353: Object literal may only specify known properties, and 'loyaltyPoints' does not exist in type '(Without<CustomerUpdateInput, CustomerUncheckedUpdateInput> & CustomerUncheckedUpdateInput) | (Without<...> & CustomerUpdateInput)'.
src/services/printer/kitchenRouting.service.ts(17,56): error TS2339: Property 'kitchen' does not exist on type '{ id: string; description: string; name: string; price: number; tags: string[]; stock: number; }'.
src/services/printer/kitchenRouting.service.ts(18,56): error TS2339: Property 'kitchen' does not exist on type '{ id: string; description: string; name: string; price: number; tags: string[]; stock: number; }'.
src/services/printer/printerAnalytics.service.ts(4,30): error TS2339: Property 'printerQueue' does not exist on type 'PrismaClient<PrismaClientOptions, never, DefaultArgs>'.
src/services/printer/printerAnalytics.service.ts(5,32): error TS2339: Property 'printerQueue' does not exist on type 'PrismaClient<PrismaClientOptions, never, DefaultArgs>'.
src/services/printer/printerAnalytics.service.ts(6,31): error TS2339: Property 'printerQueue' does not exist on type 'PrismaClient<PrismaClientOptions, never, DefaultArgs>'.
src/services/printer/printerAnalytics.service.ts(8,36): error TS2339: Property 'printerQueue' does not exist on type 'PrismaClient<PrismaClientOptions, never, DefaultArgs>'.
src/services/printer/printerAnalytics.service.ts(12,32): error TS2339: Property 'printerQueue' does not exist on type 'PrismaClient<PrismaClientOptions, never, DefaultArgs>'.
src/services/printer/printerAutoscale.service.ts(7,16): error TS2339: Property 'virtualPrinter' does not exist on type 'PrismaClient<PrismaClientOptions, never, DefaultArgs>'.
src/services/printer/printerAutoscale.service.ts(31,27): error TS2339: Property 'virtualPrinter' does not exist on type 'PrismaClient<PrismaClientOptions, never, DefaultArgs>'.
src/services/printer/printerAutoscale.service.ts(38,16): error TS2339: Property 'virtualPrinter' does not exist on type 'PrismaClient<PrismaClientOptions, never, DefaultArgs>'.
src/services/printer/printerCloudSync.service.ts(21,18): error TS2339: Property 'cloudPrinter' does not exist on type 'PrismaClient<PrismaClientOptions, never, DefaultArgs>'.
src/services/printer/printerCloudSync.service.ts(48,17): error TS2339: Property 'cloudPrinter' does not exist on type 'PrismaClient<PrismaClientOptions, never, DefaultArgs>'.
src/services/printer/printerFleet.service.ts(5,17): error TS2339: Property 'printerFleet' does not exist on type 'PrismaClient<PrismaClientOptions, never, DefaultArgs>'.
src/services/printer/printerFleet.service.ts(15,17): error TS2339: Property 'printerFleet' does not exist on type 'PrismaClient<PrismaClientOptions, never, DefaultArgs>'.
src/services/printer/printerFleet.service.ts(24,17): error TS2339: Property 'printerFleet' does not exist on type 'PrismaClient<PrismaClientOptions, never, DefaultArgs>'.
src/services/printer/printerFleet.service.ts(35,17): error TS2339: Property 'printerFleet' does not exist on type 'PrismaClient<PrismaClientOptions, never, DefaultArgs>'.
src/services/printer/printerFleet.service.ts(44,17): error TS2339: Property 'printerFleet' does not exist on type 'PrismaClient<PrismaClientOptions, never, DefaultArgs>'.
src/services/printer/printerObservability.service.ts(4,17): error TS2339: Property 'printerTrace' does not exist on type 'PrismaClient<PrismaClientOptions, never, DefaultArgs>'.
src/services/printer/printerObservability.service.ts(16,33): error TS2339: Property 'printerHealth' does not exist on type 'PrismaClient<PrismaClientOptions, never, DefaultArgs>'.
src/services/printer/printerObservability.service.ts(21,19): error TS2339: Property 'printerHealth' does not exist on type 'PrismaClient<PrismaClientOptions, never, DefaultArgs>'.
src/services/printer/printerObservability.service.ts(30,17): error TS2339: Property 'printerHealth' does not exist on type 'PrismaClient<PrismaClientOptions, never, DefaultArgs>'.
src/services/printer/printerObservability.service.ts(40,17): error TS2339: Property 'printerAnomaly' does not exist on type 'PrismaClient<PrismaClientOptions, never, DefaultArgs>'.
src/services/printer/printerQueue.service.ts(8,17): error TS2339: Property 'printerQueue' does not exist on type 'PrismaClient<PrismaClientOptions, never, DefaultArgs>'.
src/services/printer/printerQueue.service.ts(33,18): error TS2339: Property 'printerQueue' does not exist on type 'PrismaClient<PrismaClientOptions, never, DefaultArgs>'.
src/services/printer/printerQueue.service.ts(47,18): error TS2339: Property 'printerQueue' does not exist on type 'PrismaClient<PrismaClientOptions, never, DefaultArgs>'.
src/services/printer/printerQueue.service.ts(65,29): error TS2339: Property 'printerQueue' does not exist on type 'PrismaClient<PrismaClientOptions, never, DefaultArgs>'.
src/services/printer/printerSecurity.service.ts(11,17): error TS2339: Property 'printerSecurity' does not exist on type 'PrismaClient<PrismaClientOptions, never, DefaultArgs>'.
src/services/printer/printerSecurity.service.ts(22,17): error TS2339: Property 'printerSecurity' does not exist on type 'PrismaClient<PrismaClientOptions, never, DefaultArgs>'.
src/services/printer/printerSecurity.service.ts(29,31): error TS2339: Property 'printerSecurity' does not exist on type 'PrismaClient<PrismaClientOptions, never, DefaultArgs>'.
src/services/printer/printerSecurity.service.ts(43,17): error TS2339: Property 'printerSecurity' does not exist on type 'PrismaClient<PrismaClientOptions, never, DefaultArgs>'.
src/services/recommendation.service.ts(17,36): error TS2339: Property 'favorite' does not exist on type 'PrismaClient<PrismaClientOptions, never, DefaultArgs>'.
src/services/recommendation.service.ts(28,9): error TS2353: Object literal may only specify known properties, and 'categoryId' does not exist in type 'MenuItemWhereInput'.
src/services/recommendation.service.ts(64,9): error TS2353: Object literal may only specify known properties, and 'categoryId' does not exist in type 'MenuItemWhereInput'.
src/services/recommendation.service.ts(64,26): error TS2339: Property 'categoryId' does not exist on type '{ id: string; description: string; name: string; price: number; tags: string[]; stock: number; }'.
src/services/recommendation.service.ts(74,37): error TS2339: Property 'searchLog' does not exist on type 'PrismaClient<PrismaClientOptions, never, DefaultArgs>'.
src/services/search.service.ts(14,9): error TS2353: Object literal may only specify known properties, and 'favorites' does not exist in type 'MenuItemInclude<DefaultArgs>'.
src/services/search.service.ts(32,19): error TS2339: Property 'category' does not exist on type 'PrismaClient<PrismaClientOptions, never, DefaultArgs>'.
src/services/search.service.ts(40,19): error TS2339: Property 'searchLog' does not exist on type 'PrismaClient<PrismaClientOptions, never, DefaultArgs>'.
src/services/search.service.ts(46,19): error TS2339: Property 'searchLog' does not exist on type 'PrismaClient<PrismaClientOptions, never, DefaultArgs>'.
src/services/segment.service.ts(51,34): error TS2339: Property 'segment' does not exist on type 'PrismaClient<PrismaClientOptions, never, DefaultArgs>'.
src/services/segment.service.ts(65,9): error TS2353: Object literal may only specify known properties, and 'favorites' does not exist in type 'CustomerInclude<DefaultArgs>'.
src/services/terminal/terminal.service.ts(35,43): error TS2339: Property 'terminal' does not exist on type 'PrismaClient<PrismaClientOptions, never, DefaultArgs>'.
src/services/terminal/terminal.service.ts(43,19): error TS2339: Property 'terminal' does not exist on type 'PrismaClient<PrismaClientOptions, never, DefaultArgs>'.
src/services/terminal/terminal.service.ts(53,35): error TS2339: Property 'terminal' does not exist on type 'PrismaClient<PrismaClientOptions, never, DefaultArgs>'.
src/services/terminal/terminal.service.ts(79,18): error TS2339: Property 'terminal' does not exist on type 'PrismaClient<PrismaClientOptions, never, DefaultArgs>'.
src/services/terminal/terminal.service.ts(112,35): error TS2339: Property 'terminal' does not exist on type 'PrismaClient<PrismaClientOptions, never, DefaultArgs>'.
src/services/terminal/terminalError.service.ts(4,17): error TS2339: Property 'terminalError' does not exist on type 'PrismaClient<PrismaClientOptions, never, DefaultArgs>'.
src/services/terminal/terminalStatus.service.ts(4,17): error TS2339: Property 'terminalStatus' does not exist on type 'PrismaClient<PrismaClientOptions, never, DefaultArgs>'.
src/services/terminal/terminalStatus.service.ts(26,16): error TS2339: Property 'terminalStatus' does not exist on type 'PrismaClient<PrismaClientOptions, never, DefaultArgs>'.
src/services/voucher.service.ts(6,34): error TS2339: Property 'voucher' does not exist on type 'PrismaClient<PrismaClientOptions, never, DefaultArgs>'.
src/services/voucher.service.ts(22,18): error TS2339: Property 'voucher' does not exist on type 'PrismaClient<PrismaClientOptions, never, DefaultArgs>'.
src/services/wallet.service.ts(5,31): error TS2339: Property 'wallet' does not exist on type 'PrismaClient<PrismaClientOptions, never, DefaultArgs>'.
src/services/wallet.service.ts(10,29): error TS2339: Property 'wallet' does not exist on type 'PrismaClient<PrismaClientOptions, never, DefaultArgs>'.
src/services/wallet.service.ts(21,34): error TS2339: Property 'wallet' does not exist on type 'PrismaClient<PrismaClientOptions, never, DefaultArgs>'.
src/services/wallet.service.ts(45,34): error TS2339: Property 'wallet' does not exist on type 'PrismaClient<PrismaClientOptions, never, DefaultArgs>'.
src/services/wallet.service.ts(65,19): error TS2339: Property 'walletTransaction' does not exist on type 'PrismaClient<PrismaClientOptions, never, DefaultArgs>'.
